Component: ARM Compiler 5.06 update 5 (build 528) Tool: armlink [4d35e2]

==============================================================================

Section Cross References

    systick.o(i.delay_1ms) refers to systick.o(.data) for delay
    systick.o(i.delay_decrement) refers to systick.o(.data) for delay
    systick.o(i.systick_config) refers to systick.o(i.NVIC_SetPriority) for NVIC_SetPriority
    systick.o(i.systick_config) refers to system_gd32f4xx.o(.data) for SystemCoreClock
    main.o(i.main) refers to systick.o(i.systick_config) for systick_config
    main.o(i.main) refers to lcd.o(i.Lcd_Init) for Lcd_Init
    main.o(i.main) refers to ov2640.o(i.OV2640_Init) for OV2640_Init
    main.o(i.main) refers to dci.o(i.My_DCI_Init) for My_DCI_Init
    main.o(i.main) refers to gui.o(i.LCD_Fill) for LCD_Fill
    main.o(i.main) refers to mydma.o(i.MyDMA_DCI_IRQHandler_Init) for MyDMA_DCI_IRQHandler_Init
    main.o(i.main) refers to mydma.o(i.MyDMA_DCI_IRQHandler_Transfer) for MyDMA_DCI_IRQHandler_Transfer
    main.o(i.main) refers to gd32f4xx_dci.o(i.dci_enable) for dci_enable
    main.o(i.main) refers to gd32f4xx_dci.o(i.dci_capture_enable) for dci_capture_enable
    main.o(i.main) refers to timer.o(i.Timer_Init) for Timer_Init
    main.o(i.main) refers to gui.o(i.LCD_Show32DCI_Picture) for LCD_Show32DCI_Picture
    main.o(i.main) refers to gui.o(i.LCD_ShowIntNum) for LCD_ShowIntNum
    main.o(i.main) refers to main.o(.bss) for Pic_Image
    main.o(i.main) refers to dci.o(.data) for ov_frameEND
    gd32f4xx_it.o(i.SysTick_Handler) refers to systick.o(i.delay_decrement) for delay_decrement
    system_gd32f4xx.o(i.SystemCoreClockUpdate) refers to system_gd32f4xx.o(.data) for SystemCoreClock
    system_gd32f4xx.o(i.SystemInit) refers to system_gd32f4xx.o(i.system_clock_config) for system_clock_config
    system_gd32f4xx.o(i.system_clock_config) refers to system_gd32f4xx.o(i.system_clock_200m_25m_hxtal) for system_clock_200m_25m_hxtal
    startup_gd32f450_470.o(RESET) refers to startup_gd32f450_470.o(STACK) for __initial_sp
    startup_gd32f450_470.o(RESET) refers to startup_gd32f450_470.o(.text) for Reset_Handler
    startup_gd32f450_470.o(RESET) refers to gd32f4xx_it.o(i.NMI_Handler) for NMI_Handler
    startup_gd32f450_470.o(RESET) refers to gd32f4xx_it.o(i.HardFault_Handler) for HardFault_Handler
    startup_gd32f450_470.o(RESET) refers to gd32f4xx_it.o(i.MemManage_Handler) for MemManage_Handler
    startup_gd32f450_470.o(RESET) refers to gd32f4xx_it.o(i.BusFault_Handler) for BusFault_Handler
    startup_gd32f450_470.o(RESET) refers to gd32f4xx_it.o(i.UsageFault_Handler) for UsageFault_Handler
    startup_gd32f450_470.o(RESET) refers to gd32f4xx_it.o(i.SVC_Handler) for SVC_Handler
    startup_gd32f450_470.o(RESET) refers to gd32f4xx_it.o(i.DebugMon_Handler) for DebugMon_Handler
    startup_gd32f450_470.o(RESET) refers to gd32f4xx_it.o(i.PendSV_Handler) for PendSV_Handler
    startup_gd32f450_470.o(RESET) refers to gd32f4xx_it.o(i.SysTick_Handler) for SysTick_Handler
    startup_gd32f450_470.o(RESET) refers to timer.o(i.TIMER0_UP_TIMER9_IRQHandler) for TIMER0_UP_TIMER9_IRQHandler
    startup_gd32f450_470.o(RESET) refers to mydma.o(i.DMA1_Channel0_IRQHandler) for DMA1_Channel0_IRQHandler
    startup_gd32f450_470.o(RESET) refers to mydma.o(i.DMA1_Channel1_IRQHandler) for DMA1_Channel1_IRQHandler
    startup_gd32f450_470.o(RESET) refers to dci.o(i.DCI_IRQHandler) for DCI_IRQHandler
    startup_gd32f450_470.o(.text) refers to system_gd32f4xx.o(i.SystemInit) for SystemInit
    startup_gd32f450_470.o(.text) refers to entry.o(.ARM.Collect$$$$00000000) for __main
    lcd.o(i.LCD_Writ_Bus) refers to gd32f4xx_gpio.o(i.gpio_bit_reset) for gpio_bit_reset
    lcd.o(i.LCD_Writ_Bus) refers to spi4.o(i.Spi4_Write) for Spi4_Write
    lcd.o(i.LCD_Writ_Bus) refers to lcd.o(i.delay) for delay
    lcd.o(i.LCD_Writ_Bus) refers to gd32f4xx_gpio.o(i.gpio_bit_set) for gpio_bit_set
    lcd.o(i.LCD_Writ_NewBus) refers to gd32f4xx_gpio.o(i.gpio_bit_reset) for gpio_bit_reset
    lcd.o(i.LCD_Writ_NewBus) refers to lcd.o(i.delay) for delay
    lcd.o(i.LCD_Writ_NewBus) refers to gd32f4xx_gpio.o(i.gpio_bit_set) for gpio_bit_set
    lcd.o(i.Lcd_GetH) refers to lcd.o(.data) for lcd_Orientation
    lcd.o(i.Lcd_GetW) refers to lcd.o(.data) for lcd_Orientation
    lcd.o(i.Lcd_Init) refers to spi4.o(i.Spi4_Init) for Spi4_Init
    lcd.o(i.Lcd_Init) refers to lcd.o(i.lcd_gpio_init) for lcd_gpio_init
    lcd.o(i.Lcd_Init) refers to gd32f4xx_gpio.o(i.gpio_bit_reset) for gpio_bit_reset
    lcd.o(i.Lcd_Init) refers to systick.o(i.delay_1ms) for delay_1ms
    lcd.o(i.Lcd_Init) refers to gd32f4xx_gpio.o(i.gpio_bit_set) for gpio_bit_set
    lcd.o(i.Lcd_Init) refers to lcd.o(i.Lcd_WriteCom) for Lcd_WriteCom
    lcd.o(i.Lcd_Init) refers to lcd.o(i.Lcd_SetOrientation) for Lcd_SetOrientation
    lcd.o(i.Lcd_Init) refers to lcd.o(i.Lcd_WriteData) for Lcd_WriteData
    lcd.o(i.Lcd_PushStart) refers to lcd.o(i.Lcd_WriteCom) for Lcd_WriteCom
[...]
    timer.o(i.Timer_Init) refers to gd32f4xx_misc.o(i.nvic_irq_enable) for nvic_irq_enable
    timer.o(i.Timer_Init) refers to gd32f4xx_timer.o(i.timer_interrupt_enable) for timer_interrupt_enable
    timer.o(i.Timer_Init) refers to gd32f4xx_timer.o(i.timer_enable) for timer_enable
    gd32f4xx_gpio.o(i.gpio_deinit) refers to gd32f4xx_rcu.o(i.rcu_periph_reset_enable) for rcu_periph_reset_enable
    gd32f4xx_gpio.o(i.gpio_deinit) refers to gd32f4xx_rcu.o(i.rcu_periph_reset_disable) for rcu_periph_reset_disable
    gd32f4xx_rcu.o(i.rcu_deinit) refers to gd32f4xx_rcu.o(i.rcu_osci_stab_wait) for rcu_osci_stab_wait
    gd32f4xx_rcu.o(i.rcu_osci_stab_wait) refers to gd32f4xx_rcu.o(i.rcu_flag_get) for rcu_flag_get
    gd32f4xx_spi.o(i.i2s_psc_config) refers to gd32f4xx_rcu.o(i.rcu_osci_on) for rcu_osci_on
    gd32f4xx_spi.o(i.i2s_psc_config) refers to gd32f4xx_rcu.o(i.rcu_osci_stab_wait) for rcu_osci_stab_wait
    gd32f4xx_spi.o(i.i2s_psc_config) refers to gd32f4xx_rcu.o(i.rcu_i2s_clock_config) for rcu_i2s_clock_config
    gd32f4xx_spi.o(i.spi_i2s_deinit) refers to gd32f4xx_rcu.o(i.rcu_periph_reset_enable) for rcu_periph_reset_enable
    gd32f4xx_spi.o(i.spi_i2s_deinit) refers to gd32f4xx_rcu.o(i.rcu_periph_reset_disable) for rcu_periph_reset_disable
    gd32f4xx_misc.o(i.nvic_irq_enable) refers to gd32f4xx_misc.o(i.nvic_priority_group_set) for nvic_priority_group_set
    gd32f4xx_dci.o(i.dci_deinit) refers to gd32f4xx_rcu.o(i.rcu_periph_reset_enable) for rcu_periph_reset_enable
    gd32f4xx_dci.o(i.dci_deinit) refers to gd32f4xx_rcu.o(i.rcu_periph_reset_disable) for rcu_periph_reset_disable
    gd32f4xx_i2c.o(i.i2c_clock_config) refers to gd32f4xx_rcu.o(i.rcu_clock_freq_get) for rcu_clock_freq_get
    gd32f4xx_i2c.o(i.i2c_deinit) refers to gd32f4xx_rcu.o(i.rcu_periph_reset_enable) for rcu_periph_reset_enable
    gd32f4xx_i2c.o(i.i2c_deinit) refers to gd32f4xx_rcu.o(i.rcu_periph_reset_disable) for rcu_periph_reset_disable
    gd32f4xx_timer.o(i.timer_deinit) refers to gd32f4xx_rcu.o(i.rcu_periph_reset_enable) for rcu_periph_reset_enable
    gd32f4xx_timer.o(i.timer_deinit) refers to gd32f4xx_rcu.o(i.rcu_periph_reset_disable) for rcu_periph_reset_disable
    gd32f4xx_timer.o(i.timer_external_clock_mode0_config) refers to gd32f4xx_timer.o(i.timer_external_trigger_config) for timer_external_trigger_config
    gd32f4xx_timer.o(i.timer_external_clock_mode1_config) refers to gd32f4xx_timer.o(i.timer_external_trigger_config) for timer_external_trigger_config
    gd32f4xx_timer.o(i.timer_external_trigger_as_external_clock_config) refers to gd32f4xx_timer.o(i.timer_input_trigger_source_select) for timer_input_trigger_source_select
    gd32f4xx_timer.o(i.timer_input_capture_config) refers to gd32f4xx_timer.o(i.timer_channel_input_capture_prescaler_config) for timer_channel_input_capture_prescaler_config
    gd32f4xx_timer.o(i.timer_input_pwm_capture_config) refers to gd32f4xx_timer.o(i.timer_channel_input_capture_prescaler_config) for timer_channel_input_capture_prescaler_config
    gd32f4xx_timer.o(i.timer_internal_trigger_as_external_clock_config) refers to gd32f4xx_timer.o(i.timer_input_trigger_source_select) for timer_input_trigger_source_select
    sqrt.o(i.__hardfp_sqrt) refers (Special) to iusefp.o(.text) for __I$use$fp
    sqrt.o(i.__hardfp_sqrt) refers to dsqrt.o(.text) for _dsqrt
    sqrt.o(i.__hardfp_sqrt) refers to errno.o(i.__set_errno) for __set_errno
    sqrt.o(i.__softfp_sqrt) refers (Special) to iusefp.o(.text) for __I$use$fp
    sqrt.o(i.__softfp_sqrt) refers to dsqrt.o(.text) for _dsqrt
    sqrt.o(i.__softfp_sqrt) refers to errno.o(i.__set_errno) for __set_errno
    sqrt.o(i.sqrt) refers (Special) to iusefp.o(.text) for __I$use$fp
    sqrt.o(i.sqrt) refers to dsqrt.o(.text) for _dsqrt
    sqrt.o(i.sqrt) refers to errno.o(i.__set_errno) for __set_errno
    sqrt_x.o(i.____hardfp_sqrt$lsc) refers (Special) to iusefp.o(.text) for __I$use$fp
    sqrt_x.o(i.____hardfp_sqrt$lsc) refers to cdcmple.o(.text) for __aeabi_cdcmple
    sqrt_x.o(i.____hardfp_sqrt$lsc) refers to errno.o(i.__set_errno) for __set_errno
    sqrt_x.o(i.____hardfp_sqrt$lsc) refers to dsqrt.o(.text) for _dsqrt
    sqrt_x.o(i.____softfp_sqrt$lsc) refers (Special) to iusefp.o(.text) for __I$use$fp
    sqrt_x.o(i.____softfp_sqrt$lsc) refers to cdcmple.o(.text) for __aeabi_cdcmple
    sqrt_x.o(i.____softfp_sqrt$lsc) refers to errno.o(i.__set_errno) for __set_errno
    sqrt_x.o(i.____softfp_sqrt$lsc) refers to dsqrt.o(.text) for _dsqrt
    sqrt_x.o(i.__sqrt$lsc) refers (Special) to iusefp.o(.text) for __I$use$fp
    sqrt_x.o(i.__sqrt$lsc) refers to cdcmple.o(.text) for __aeabi_cdcmple
    sqrt_x.o(i.__sqrt$lsc) refers to errno.o(i.__set_errno) for __set_errno
    sqrt_x.o(i.__sqrt$lsc) refers to dsqrt.o(.text) for _dsqrt
    entry.o(.ARM.Collect$$$$00000000) refers (Special) to entry10a.o(.ARM.Collect$$$$0000000D) for __rt_final_cpp
    entry.o(.ARM.Collect$$$$00000000) refers (Special) to entry11a.o(.ARM.Collect$$$$0000000F) for __rt_final_exit
    entry.o(.ARM.Collect$$$$00000000) refers (Special) to entry7b.o(.ARM.Collect$$$$00000008) for _main_clock
    entry.o(.ARM.Collect$$$$00000000) refers (Special) to entry8b.o(.ARM.Collect$$$$0000000A) for _main_cpp_init
    entry.o(.ARM.Collect$$$$00000000) refers (Special) to entry9a.o(.ARM.Collect$$$$0000000B) for _main_init
    entry.o(.ARM.Collect$$$$00000000) refers (Special) to entry5.o(.ARM.Collect$$$$00000004) for _main_scatterload
    entry.o(.ARM.Collect$$$$00000000) refers (Special) to entry2.o(.ARM.Collect$$$$00000001) for _main_stk
    dadd.o(.text) refers (Special) to iusefp.o(.text) for __I$use$fp
    dadd.o(.text) refers to llshl.o(.text) for __aeabi_llsl
    dadd.o(.text) refers to llsshr.o(.text) for __aeabi_lasr
    dadd.o(.text) refers to depilogue.o(.text) for _double_epilogue
    dmul.o(.text) refers (Special) to iusefp.o(.text) for __I$use$fp
    dmul.o(.text) refers to depilogue.o(.text) for _double_epilogue
    dflti.o(.text) refers (Special) to iusefp.o(.text) for __I$use$fp
    dflti.o(.text) refers to depilogue.o(.text) for _double_epilogue
    dfltui.o(.text) refers (Special) to iusefp.o(.text) for __I$use$fp
    dfltui.o(.text) refers to depilogue.o(.text) for _double_epilogue
    dfixui.o(.text) refers (Special) to iusefp.o(.text) for __I$use$fp
    dfixui.o(.text) refers to llushr.o(.text) for __aeabi_llsr
    cdcmple.o(.text) refers (Special) to iusefp.o(.text) for __I$use$fp
    entry2.o(.ARM.Collect$$$$00000001) refers to entry2.o(.ARM.Collect$$$$00002712) for __lit__00000000
    entry2.o(.ARM.Collect$$$$00002712) refers to startup_gd32f450_470.o(STACK) for __initial_sp
    entry2.o(__vectab_stack_and_reset_area) refers to startup_gd32f450_470.o(STACK) for __initial_sp
    entry2.o(__vectab_stack_and_reset_area) refers to entry.o(.ARM.Collect$$$$00000000) for __main
    entry5.o(.ARM.Collect$$$$00000004) refers to init.o(.text) for __scatterload
    entry9a.o(.ARM.Collect$$$$0000000B) refers to main.o(i.main) for main
    entry9b.o(.ARM.Collect$$$$0000000C) refers to main.o(i.main) for main
    errno.o(i.__aeabi_errno_addr) refers to errno.o(.data) for .data
    errno.o(i.__read_errno) refers to errno.o(.data) for .data
    errno.o(i.__set_errno) refers to errno.o(.data) for .data
    depilogue.o(.text) refers to llshl.o(.text) for __aeabi_llsl
    depilogue.o(.text) refers to llushr.o(.text) for __aeabi_llsr
    dsqrt.o(.text) refers to llushr.o(.text) for __aeabi_llsr
    dsqrt.o(.text) refers to depilogue.o(.text) for _double_round
    init.o(.text) refers to entry5.o(.ARM.Collect$$$$00000004) for __main_after_scatterload


==============================================================================

Removing Unused input sections from the image.

    Removing systick.o(.rev16_text), (4 bytes).
    Removing systick.o(.revsh_text), (4 bytes).
    Removing main.o(.rev16_text), (4 bytes).
    Removing main.o(.revsh_text), (4 bytes).
    Removing main.o(.constdata), (537600 bytes).
    Removing gd32f4xx_it.o(.rev16_text), (4 bytes).
    Removing gd32f4xx_it.o(.revsh_text), (4 bytes).
    Removing system_gd32f4xx.o(.rev16_text), (4 bytes).
    Removing system_gd32f4xx.o(.revsh_text), (4 bytes).
    Removing system_gd32f4xx.o(i.SystemCoreClockUpdate), (272 bytes).
    Removing startup_gd32f450_470.o(HEAP), (1024 bytes).
    Removing bsp_led.o(.rev16_text), (4 bytes).
    Removing bsp_led.o(.revsh_text), (4 bytes).
    Removing bsp_led.o(i.led_gpio_config), (100 bytes).
    Removing lcd.o(.rev16_text), (4 bytes).
    Removing lcd.o(.revsh_text), (4 bytes).
    Removing lcd.o(i.Lcd_GetH), (28 bytes).
    Removing lcd.o(i.Lcd_GetW), (28 bytes).
    Removing lcd.o(i.Lcd_Read), (8 bytes).
    Removing spi4.o(.rev16_text), (4 bytes).
    Removing spi4.o(.revsh_text), (4 bytes).
    Removing spi4.o(i.Spi4_NewWrite), (24 bytes).
    Removing spi4.o(i.Spi4_Read), (32 bytes).
    Removing gui.o(.rev16_text), (4 bytes).
    Removing gui.o(.revsh_text), (4 bytes).
    Removing gui.o(i.DrawEclipsePoint), (76 bytes).
    Removing gui.o(i.Draw_Circle), (158 bytes).
    Removing gui.o(i.Draw_Solid_Circle), (182 bytes).
    Removing gui.o(i.LCD_DrawLine), (172 bytes).
    Removing gui.o(i.LCD_DrawRectangle), (74 bytes).
    Removing gui.o(i.LCD_Show32Picture), (150 bytes).
    Removing gui.o(i.LCD_ShowChinese), (140 bytes).
    Removing gui.o(i.LCD_ShowChinese12x12), (324 bytes).
    Removing gui.o(i.LCD_ShowChinese16x16), (308 bytes).
    Removing gui.o(i.LCD_ShowChinese24x24), (324 bytes).
    Removing gui.o(i.LCD_ShowChinese32x32), (308 bytes).
    Removing gui.o(i.LCD_ShowFloatNum1), (180 bytes).
    Removing gui.o(i.LCD_ShowFrame), (150 bytes).
    Removing gui.o(i.LCD_ShowPicture), (98 bytes).
    Removing gui.o(i.LCD_ShowString), (66 bytes).
    Removing gui.o(i.MiddlePiontEclipse), (500 bytes).
    Removing mydma.o(.rev16_text), (4 bytes).
    Removing mydma.o(.revsh_text), (4 bytes).
    Removing mydma.o(i.MyDMA_IRQHandler_Init), (252 bytes).
    Removing mydma.o(i.MyDMA_IRQHandler_Transfer), (16 bytes).
    Removing mydma.o(i.MyDMA_Init), (212 bytes).
    Removing mydma.o(i.MyDMA_SPI_IRQHandler_Init), (228 bytes).
    Removing mydma.o(i.MyDMA_SPI_IRQHandler_Transfer), (16 bytes).
    Removing mydma.o(i.MyDMA_Transfer), (60 bytes).
    Removing dci.o(.rev16_text), (4 bytes).
    Removing dci.o(.revsh_text), (4 bytes).
    Removing myiic.o(.rev16_text), (4 bytes).
    Removing myiic.o(.revsh_text), (4 bytes).
    Removing ov2640.o(.rev16_text), (4 bytes).
    Removing ov2640.o(.revsh_text), (4 bytes).
    Removing timer.o(.rev16_text), (4 bytes).
    Removing timer.o(.revsh_text), (4 bytes).
    Removing gd32f4xx_gpio.o(.rev16_text), (4 bytes).
    Removing gd32f4xx_gpio.o(.revsh_text), (4 bytes).
    Removing gd32f4xx_gpio.o(i.gpio_bit_toggle), (4 bytes).
    Removing gd32f4xx_gpio.o(i.gpio_deinit), (206 bytes).
    Removing gd32f4xx_gpio.o(i.gpio_input_bit_get), (16 bytes).
    Removing gd32f4xx_gpio.o(i.gpio_input_port_get), (8 bytes).
    Removing gd32f4xx_gpio.o(i.gpio_output_bit_get), (16 bytes).
    Removing gd32f4xx_gpio.o(i.gpio_output_port_get), (8 bytes).
    Removing gd32f4xx_gpio.o(i.gpio_pin_lock), (18 bytes).
    Removing gd32f4xx_gpio.o(i.gpio_port_toggle), (8 bytes).
    Removing gd32f4xx_gpio.o(i.gpio_port_write), (4 bytes).
    Removing gd32f4xx_rcu.o(.rev16_text), (4 bytes).
    Removing gd32f4xx_rcu.o(.revsh_text), (4 bytes).
    Removing gd32f4xx_rcu.o(i.rcu_ahb_clock_config), (24 bytes).
    Removing gd32f4xx_rcu.o(i.rcu_all_reset_flag_clear), (20 bytes).
    Removing gd32f4xx_rcu.o(i.rcu_apb1_clock_config), (24 bytes).
    Removing gd32f4xx_rcu.o(i.rcu_apb2_clock_config), (24 bytes).
    Removing gd32f4xx_rcu.o(i.rcu_bkp_reset_disable), (20 bytes).
    Removing gd32f4xx_rcu.o(i.rcu_bkp_reset_enable), (20 bytes).
    Removing gd32f4xx_rcu.o(i.rcu_ck48m_clock_config), (24 bytes).
    Removing gd32f4xx_rcu.o(i.rcu_ckout0_config), (28 bytes).
    Removing gd32f4xx_rcu.o(i.rcu_ckout1_config), (28 bytes).
    Removing gd32f4xx_rcu.o(i.rcu_deepsleep_voltage_set), (16 bytes).
    Removing gd32f4xx_rcu.o(i.rcu_deinit), (140 bytes).
    Removing gd32f4xx_rcu.o(i.rcu_flag_get), (36 bytes).
    Removing gd32f4xx_rcu.o(i.rcu_hxtal_clock_monitor_disable), (20 bytes).
    Removing gd32f4xx_rcu.o(i.rcu_hxtal_clock_monitor_enable), (20 bytes).
    Removing gd32f4xx_rcu.o(i.rcu_i2s_clock_config), (24 bytes).
    Removing gd32f4xx_rcu.o(i.rcu_interrupt_disable), (36 bytes).
    Removing gd32f4xx_rcu.o(i.rcu_interrupt_enable), (36 bytes).
    Removing gd32f4xx_rcu.o(i.rcu_interrupt_flag_clear), (36 bytes).
    Removing gd32f4xx_rcu.o(i.rcu_interrupt_flag_get), (36 bytes).
    Removing gd32f4xx_rcu.o(i.rcu_irc16m_adjust_value_set), (28 bytes).
    Removing gd32f4xx_rcu.o(i.rcu_lxtal_drive_capability_config), (24 bytes).
    Removing gd32f4xx_rcu.o(i.rcu_osci_bypass_mode_disable), (116 bytes).
    Removing gd32f4xx_rcu.o(i.rcu_osci_bypass_mode_enable), (116 bytes).
    Removing gd32f4xx_rcu.o(i.rcu_osci_off), (36 bytes).
    Removing gd32f4xx_rcu.o(i.rcu_osci_on), (36 bytes).
    Removing gd32f4xx_rcu.o(i.rcu_osci_stab_wait), (348 bytes).
    Removing gd32f4xx_rcu.o(i.rcu_periph_clock_disable), (36 bytes).
    Removing gd32f4xx_rcu.o(i.rcu_periph_clock_sleep_disable), (36 bytes).
    Removing gd32f4xx_rcu.o(i.rcu_periph_clock_sleep_enable), (36 bytes).
    Removing gd32f4xx_rcu.o(i.rcu_pll48m_clock_config), (24 bytes).
    Removing gd32f4xx_rcu.o(i.rcu_pll_config), (132 bytes).
    Removing gd32f4xx_rcu.o(i.rcu_plli2s_config), (44 bytes).
    Removing gd32f4xx_rcu.o(i.rcu_pllsai_config), (72 bytes).
    Removing gd32f4xx_rcu.o(i.rcu_rtc_clock_config), (24 bytes).
    Removing gd32f4xx_rcu.o(i.rcu_rtc_div_config), (24 bytes).
    Removing gd32f4xx_rcu.o(i.rcu_spread_spectrum_config), (32 bytes).
    Removing gd32f4xx_rcu.o(i.rcu_spread_spectrum_disable), (20 bytes).
    Removing gd32f4xx_rcu.o(i.rcu_spread_spectrum_enable), (20 bytes).
    Removing gd32f4xx_rcu.o(i.rcu_system_clock_source_config), (24 bytes).
    Removing gd32f4xx_rcu.o(i.rcu_system_clock_source_get), (16 bytes).
    Removing gd32f4xx_rcu.o(i.rcu_timer_clock_prescaler_config), (36 bytes).
    Removing gd32f4xx_rcu.o(i.rcu_tli_clock_div_config), (24 bytes).
    Removing gd32f4xx_rcu.o(i.rcu_voltage_key_unlock), (16 bytes).
    Removing gd32f4xx_dma.o(.rev16_text), (4 bytes).
    Removing gd32f4xx_dma.o(.revsh_text), (4 bytes).
    Removing gd32f4xx_dma.o(i.dma_circulation_disable), (32 bytes).
    Removing gd32f4xx_dma.o(i.dma_circulation_enable), (32 bytes).
    Removing gd32f4xx_dma.o(i.dma_fifo_status_get), (20 bytes).
    Removing gd32f4xx_dma.o(i.dma_flag_get), (76 bytes).
    Removing gd32f4xx_dma.o(i.dma_interrupt_enable), (62 bytes).
    Removing gd32f4xx_dma.o(i.dma_memory_address_config), (32 bytes).
    Removing gd32f4xx_dma.o(i.dma_memory_address_generation_config), (64 bytes).
    Removing gd32f4xx_dma.o(i.dma_memory_burst_beats_config), (36 bytes).
    Removing gd32f4xx_dma.o(i.dma_memory_width_config), (36 bytes).
    Removing gd32f4xx_dma.o(i.dma_multi_data_para_struct_init), (40 bytes).
    Removing gd32f4xx_dma.o(i.dma_periph_address_config), (16 bytes).
    Removing gd32f4xx_dma.o(i.dma_periph_burst_beats_config), (36 bytes).
    Removing gd32f4xx_dma.o(i.dma_periph_width_config), (36 bytes).
    Removing gd32f4xx_dma.o(i.dma_peripheral_address_generation_config), (126 bytes).
    Removing gd32f4xx_dma.o(i.dma_priority_config), (36 bytes).
    Removing gd32f4xx_dma.o(i.dma_single_data_mode_init), (344 bytes).
    Removing gd32f4xx_dma.o(i.dma_single_data_para_struct_init), (34 bytes).
    Removing gd32f4xx_dma.o(i.dma_transfer_direction_config), (36 bytes).
    Removing gd32f4xx_dma.o(i.dma_using_memory_get), (28 bytes).
    Removing gd32f4xx_spi.o(.rev16_text), (4 bytes).
    Removing gd32f4xx_spi.o(.revsh_text), (4 bytes).
    Removing gd32f4xx_spi.o(i.i2s_disable), (10 bytes).
    Removing gd32f4xx_spi.o(i.i2s_enable), (10 bytes).
    Removing gd32f4xx_spi.o(i.i2s_full_duplex_mode_config), (48 bytes).
    Removing gd32f4xx_spi.o(i.i2s_init), (28 bytes).
    Removing gd32f4xx_spi.o(i.i2s_psc_config), (292 bytes).
    Removing gd32f4xx_spi.o(i.qspi_disable), (14 bytes).
    Removing gd32f4xx_spi.o(i.qspi_enable), (14 bytes).
    Removing gd32f4xx_spi.o(i.qspi_io23_output_disable), (14 bytes).
    Removing gd32f4xx_spi.o(i.qspi_io23_output_enable), (14 bytes).
    Removing gd32f4xx_spi.o(i.qspi_read_enable), (14 bytes).
    Removing gd32f4xx_spi.o(i.qspi_write_enable), (14 bytes).
    Removing gd32f4xx_spi.o(i.spi_bidirectional_transfer_config), (26 bytes).
    Removing gd32f4xx_spi.o(i.spi_crc_error_clear), (10 bytes).
    Removing gd32f4xx_spi.o(i.spi_crc_get), (16 bytes).
    Removing gd32f4xx_spi.o(i.spi_crc_next), (10 bytes).
    Removing gd32f4xx_spi.o(i.spi_crc_off), (10 bytes).
    Removing gd32f4xx_spi.o(i.spi_crc_on), (10 bytes).
    Removing gd32f4xx_spi.o(i.spi_crc_polynomial_get), (8 bytes).
    Removing gd32f4xx_spi.o(i.spi_crc_polynomial_set), (4 bytes).
    Removing gd32f4xx_spi.o(i.spi_disable), (10 bytes).
    Removing gd32f4xx_spi.o(i.spi_dma_disable), (22 bytes).
    Removing gd32f4xx_spi.o(i.spi_dma_enable), (22 bytes).
    Removing gd32f4xx_spi.o(i.spi_i2s_data_frame_format_config), (16 bytes).
    Removing gd32f4xx_spi.o(i.spi_i2s_data_receive), (8 bytes).
    Removing gd32f4xx_spi.o(i.spi_i2s_deinit), (172 bytes).
    Removing gd32f4xx_spi.o(i.spi_i2s_interrupt_disable), (48 bytes).
    Removing gd32f4xx_spi.o(i.spi_i2s_interrupt_enable), (48 bytes).
    Removing gd32f4xx_spi.o(i.spi_i2s_interrupt_flag_get), (112 bytes).
    Removing gd32f4xx_spi.o(i.spi_nss_internal_high), (10 bytes).
    Removing gd32f4xx_spi.o(i.spi_nss_internal_low), (10 bytes).
    Removing gd32f4xx_spi.o(i.spi_nss_output_disable), (10 bytes).
    Removing gd32f4xx_spi.o(i.spi_nss_output_enable), (10 bytes).
    Removing gd32f4xx_spi.o(i.spi_struct_para_init), (18 bytes).
    Removing gd32f4xx_spi.o(i.spi_ti_mode_disable), (10 bytes).
    Removing gd32f4xx_spi.o(i.spi_ti_mode_enable), (10 bytes).
    Removing gd32f4xx_misc.o(.rev16_text), (4 bytes).
    Removing gd32f4xx_misc.o(.revsh_text), (4 bytes).
    Removing gd32f4xx_misc.o(i.nvic_irq_disable), (24 bytes).
    Removing gd32f4xx_misc.o(i.nvic_vector_table_set), (24 bytes).
    Removing gd32f4xx_misc.o(i.system_lowpower_reset), (16 bytes).
    Removing gd32f4xx_misc.o(i.system_lowpower_set), (16 bytes).
    Removing gd32f4xx_misc.o(i.systick_clksource_set), (40 bytes).
    Removing gd32f4xx_dci.o(.rev16_text), (4 bytes).
    Removing gd32f4xx_dci.o(.revsh_text), (4 bytes).
    Removing gd32f4xx_dci.o(i.dci_capture_disable), (20 bytes).
    Removing gd32f4xx_dci.o(i.dci_crop_window_config), (24 bytes).
    Removing gd32f4xx_dci.o(i.dci_crop_window_disable), (20 bytes).
    Removing gd32f4xx_dci.o(i.dci_crop_window_enable), (20 bytes).
    Removing gd32f4xx_dci.o(i.dci_data_read), (12 bytes).
    Removing gd32f4xx_dci.o(i.dci_disable), (20 bytes).
    Removing gd32f4xx_dci.o(i.dci_embedded_sync_disable), (20 bytes).
    Removing gd32f4xx_dci.o(i.dci_embedded_sync_enable), (20 bytes).
    Removing gd32f4xx_dci.o(i.dci_flag_get), (36 bytes).
    Removing gd32f4xx_dci.o(i.dci_interrupt_disable), (16 bytes).
    Removing gd32f4xx_dci.o(i.dci_jpeg_disable), (20 bytes).
    Removing gd32f4xx_dci.o(i.dci_jpeg_enable), (20 bytes).
    Removing gd32f4xx_dci.o(i.dci_sync_codes_config), (24 bytes).
    Removing gd32f4xx_dci.o(i.dci_sync_codes_unmask_config), (24 bytes).
    Removing gd32f4xx_i2c.o(.rev16_text), (4 bytes).
    Removing gd32f4xx_i2c.o(.revsh_text), (4 bytes).
    Removing gd32f4xx_i2c.o(i.i2c_ackpos_config), (16 bytes).
    Removing gd32f4xx_i2c.o(i.i2c_analog_noise_filter_disable), (10 bytes).
    Removing gd32f4xx_i2c.o(i.i2c_analog_noise_filter_enable), (10 bytes).
    Removing gd32f4xx_i2c.o(i.i2c_digital_noise_filter_config), (8 bytes).
    Removing gd32f4xx_i2c.o(i.i2c_disable), (10 bytes).
    Removing gd32f4xx_i2c.o(i.i2c_dma_config), (16 bytes).
    Removing gd32f4xx_i2c.o(i.i2c_dma_last_transfer_config), (16 bytes).
    Removing gd32f4xx_i2c.o(i.i2c_dualaddr_disable), (10 bytes).
    Removing gd32f4xx_i2c.o(i.i2c_dualaddr_enable), (12 bytes).
    Removing gd32f4xx_i2c.o(i.i2c_interrupt_disable), (26 bytes).
    Removing gd32f4xx_i2c.o(i.i2c_interrupt_enable), (26 bytes).
    Removing gd32f4xx_i2c.o(i.i2c_interrupt_flag_clear), (44 bytes).
    Removing gd32f4xx_i2c.o(i.i2c_interrupt_flag_get), (92 bytes).
    Removing gd32f4xx_i2c.o(i.i2c_pec_config), (16 bytes).
    Removing gd32f4xx_i2c.o(i.i2c_pec_transfer_config), (16 bytes).
    Removing gd32f4xx_i2c.o(i.i2c_pec_value_get), (10 bytes).
    Removing gd32f4xx_i2c.o(i.i2c_sam_disable), (14 bytes).
    Removing gd32f4xx_i2c.o(i.i2c_sam_enable), (14 bytes).
    Removing gd32f4xx_i2c.o(i.i2c_sam_timeout_disable), (14 bytes).
    Removing gd32f4xx_i2c.o(i.i2c_sam_timeout_enable), (14 bytes).
    Removing gd32f4xx_i2c.o(i.i2c_slave_response_to_gcall_config), (16 bytes).
    Removing gd32f4xx_i2c.o(i.i2c_smbus_alert_config), (16 bytes).
    Removing gd32f4xx_i2c.o(i.i2c_smbus_arp_config), (16 bytes).
    Removing gd32f4xx_i2c.o(i.i2c_smbus_type_config), (24 bytes).
    Removing gd32f4xx_i2c.o(i.i2c_software_reset_config), (16 bytes).
    Removing gd32f4xx_i2c.o(i.i2c_stretch_scl_low_config), (16 bytes).
    Removing gd32f4xx_timer.o(.rev16_text), (4 bytes).
    Removing gd32f4xx_timer.o(.revsh_text), (4 bytes).
    Removing gd32f4xx_timer.o(i.timer_auto_reload_shadow_disable), (10 bytes).
    Removing gd32f4xx_timer.o(i.timer_auto_reload_shadow_enable), (10 bytes).
    Removing gd32f4xx_timer.o(i.timer_automatic_output_disable), (10 bytes).
    Removing gd32f4xx_timer.o(i.timer_automatic_output_enable), (10 bytes).
    Removing gd32f4xx_timer.o(i.timer_autoreload_value_config), (4 bytes).
    Removing gd32f4xx_timer.o(i.timer_break_config), (30 bytes).
    Removing gd32f4xx_timer.o(i.timer_break_disable), (10 bytes).
    Removing gd32f4xx_timer.o(i.timer_break_enable), (10 bytes).
    Removing gd32f4xx_timer.o(i.timer_break_struct_para_init), (18 bytes).
    Removing gd32f4xx_timer.o(i.timer_channel_capture_value_register_read), (42 bytes).
    Removing gd32f4xx_timer.o(i.timer_channel_complementary_output_polarity_config), (70 bytes).
    Removing gd32f4xx_timer.o(i.timer_channel_complementary_output_state_config), (70 bytes).
    Removing gd32f4xx_timer.o(i.timer_channel_control_shadow_config), (24 bytes).
    Removing gd32f4xx_timer.o(i.timer_channel_control_shadow_update_config), (26 bytes).
    Removing gd32f4xx_timer.o(i.timer_channel_dma_request_source_select), (26 bytes).
    Removing gd32f4xx_timer.o(i.timer_channel_input_capture_prescaler_config), (90 bytes).
    Removing gd32f4xx_timer.o(i.timer_channel_input_struct_para_init), (16 bytes).
    Removing gd32f4xx_timer.o(i.timer_channel_output_clear_config), (90 bytes).
    Removing gd32f4xx_timer.o(i.timer_channel_output_config), (492 bytes).
    Removing gd32f4xx_timer.o(i.timer_channel_output_fast_config), (90 bytes).
    Removing gd32f4xx_timer.o(i.timer_channel_output_mode_config), (90 bytes).
    Removing gd32f4xx_timer.o(i.timer_channel_output_polarity_config), (92 bytes).
    Removing gd32f4xx_timer.o(i.timer_channel_output_pulse_value_config), (38 bytes).
    Removing gd32f4xx_timer.o(i.timer_channel_output_shadow_config), (90 bytes).
    Removing gd32f4xx_timer.o(i.timer_channel_output_state_config), (92 bytes).
    Removing gd32f4xx_timer.o(i.timer_channel_output_struct_para_init), (16 bytes).
    Removing gd32f4xx_timer.o(i.timer_channel_remap_config), (4 bytes).
    Removing gd32f4xx_timer.o(i.timer_counter_alignment), (16 bytes).
    Removing gd32f4xx_timer.o(i.timer_counter_down_direction), (10 bytes).
    Removing gd32f4xx_timer.o(i.timer_counter_read), (8 bytes).
    Removing gd32f4xx_timer.o(i.timer_counter_up_direction), (10 bytes).
    Removing gd32f4xx_timer.o(i.timer_counter_value_config), (4 bytes).
    Removing gd32f4xx_timer.o(i.timer_deinit), (388 bytes).
    Removing gd32f4xx_timer.o(i.timer_disable), (10 bytes).
    Removing gd32f4xx_timer.o(i.timer_dma_disable), (8 bytes).
    Removing gd32f4xx_timer.o(i.timer_dma_enable), (8 bytes).
    Removing gd32f4xx_timer.o(i.timer_dma_transfer_config), (24 bytes).
    Removing gd32f4xx_timer.o(i.timer_event_software_generate), (8 bytes).
    Removing gd32f4xx_timer.o(i.timer_external_clock_mode0_config), (40 bytes).
    Removing gd32f4xx_timer.o(i.timer_external_clock_mode1_config), (32 bytes).
    Removing gd32f4xx_timer.o(i.timer_external_clock_mode1_disable), (10 bytes).
    Removing gd32f4xx_timer.o(i.timer_external_trigger_as_external_clock_config), (166 bytes).
    Removing gd32f4xx_timer.o(i.timer_external_trigger_config), (30 bytes).
    Removing gd32f4xx_timer.o(i.timer_flag_clear), (6 bytes).
    Removing gd32f4xx_timer.o(i.timer_flag_get), (16 bytes).
    Removing gd32f4xx_timer.o(i.timer_hall_mode_config), (26 bytes).
    Removing gd32f4xx_timer.o(i.timer_input_capture_config), (326 bytes).
    Removing gd32f4xx_timer.o(i.timer_input_pwm_capture_config), (356 bytes).
    Removing gd32f4xx_timer.o(i.timer_input_trigger_source_select), (16 bytes).
    Removing gd32f4xx_timer.o(i.timer_internal_clock_config), (10 bytes).
    Removing gd32f4xx_timer.o(i.timer_internal_trigger_as_external_clock_config), (32 bytes).
    Removing gd32f4xx_timer.o(i.timer_interrupt_disable), (8 bytes).
    Removing gd32f4xx_timer.o(i.timer_master_output_trigger_source_select), (16 bytes).
    Removing gd32f4xx_timer.o(i.timer_master_slave_mode_config), (26 bytes).
    Removing gd32f4xx_timer.o(i.timer_output_value_selection_config), (34 bytes).
    Removing gd32f4xx_timer.o(i.timer_prescaler_config), (14 bytes).
    Removing gd32f4xx_timer.o(i.timer_prescaler_read), (10 bytes).
    Removing gd32f4xx_timer.o(i.timer_primary_output_config), (24 bytes).
    Removing gd32f4xx_timer.o(i.timer_quadrature_decoder_mode_config), (64 bytes).
    Removing gd32f4xx_timer.o(i.timer_repetition_value_config), (4 bytes).
    Removing gd32f4xx_timer.o(i.timer_single_pulse_mode_config), (26 bytes).
    Removing gd32f4xx_timer.o(i.timer_slave_mode_select), (16 bytes).
    Removing gd32f4xx_timer.o(i.timer_struct_para_init), (22 bytes).
    Removing gd32f4xx_timer.o(i.timer_update_event_disable), (10 bytes).
    Removing gd32f4xx_timer.o(i.timer_update_event_enable), (10 bytes).
    Removing gd32f4xx_timer.o(i.timer_update_source_config), (26 bytes).
    Removing gd32f4xx_timer.o(i.timer_write_chxval_register_config), (34 bytes).
    Removing dadd.o(.text), (334 bytes).
    Removing dmul.o(.text), (228 bytes).
    Removing dflti.o(.text), (34 bytes).
    Removing dfltui.o(.text), (26 bytes).
    Removing dfixui.o(.text), (50 bytes).
    Removing cdcmple.o(.text), (48 bytes).
    Removing depilogue.o(.text), (186 bytes).
    Removing dsqrt.o(.text), (162 bytes).

299 unused section(s) (total 553178 bytes) removed from the image.

==============================================================================

Image Symbol Table

    Local Symbols

    Symbol Name                              Value     Ov Type        Size  Object(Section)

    ../clib/microlib/errno.c                 0x00000000   Number         0  errno.o ABSOLUTE
    ../clib/microlib/init/entry.s            0x00000000   Number         0  entry5.o ABSOLUTE
    ../clib/microlib/init/entry.s            0x00000000   Number         0  entry.o ABSOLUTE
    ../clib/microlib/init/entry.s            0x00000000   Number         0  entry9b.o ABSOLUTE
    ../clib/microlib/init/entry.s            0x00000000   Number         0  entry7a.o ABSOLUTE
    ../clib/microlib/init/entry.s            0x00000000   Number         0  entry7b.o ABSOLUTE
    ../clib/microlib/init/entry.s            0x00000000   Number         0  entry8a.o ABSOLUTE
    ../clib/microlib/init/entry.s            0x00000000   Number         0  entry9a.o ABSOLUTE
    ../clib/microlib/init/entry.s            0x00000000   Number         0  entry10a.o ABSOLUTE
    ../clib/microlib/init/entry.s            0x00000000   Number         0  entry8b.o ABSOLUTE
    ../clib/microlib/init/entry.s            0x00000000   Number         0  entry11b.o ABSOLUTE
    ../clib/microlib/init/entry.s            0x00000000   Number         0  entry2.o ABSOLUTE
    ../clib/microlib/init/entry.s            0x00000000   Number         0  entry11a.o ABSOLUTE
    ../clib/microlib/init/entry.s            0x00000000   Number         0  entry10b.o ABSOLUTE
    ../clib/microlib/longlong.c              0x00000000   Number         0  llshl.o ABSOLUTE
    ../clib/microlib/longlong.c              0x00000000   Number         0  llsshr.o ABSOLUTE
    ../clib/microlib/longlong.c              0x00000000   Number         0  llushr.o ABSOLUTE
    ../clib/microlib/stubs.s                 0x00000000   Number         0  iusefp.o ABSOLUTE
    ../fplib/microlib/fpadd.c                0x00000000   Number         0  dadd.o ABSOLUTE
    ../fplib/microlib/fpepilogue.c           0x00000000   Number         0  depilogue.o ABSOLUTE
    ../fplib/microlib/fpfix.c                0x00000000   Number         0  dfixui.o ABSOLUTE
    ../fplib/microlib/fpflt.c                0x00000000   Number         0  dflti.o ABSOLUTE
    ../fplib/microlib/fpflt.c                0x00000000   Number         0  dfltui.o ABSOLUTE
    ../fplib/microlib/fpmul.c                0x00000000   Number         0  dmul.o ABSOLUTE
    ../fplib/microlib/fpsqrt.c               0x00000000   Number         0  dsqrt.o ABSOLUTE
    ../mathlib/sqrt.c                        0x00000000   Number         0  sqrt_x.o ABSOLUTE
    ../mathlib/sqrt.c                        0x00000000   Number         0  sqrt.o ABSOLUTE
    ..\..\..\..\DMA_DCI\Firmware\GD32F4xx_standard_peripheral\Source\gd32f4xx_timer.c 0x00000000   Number         0  gd32f4xx_timer.o ABSOLUTE
    ..\Firmware\CMSIS\GD\GD32F4xx\Source\ARM\startup_gd32f450_470.s 0x00000000   Number         0  startup_gd32f450_470.o ABSOLUTE
    ..\Firmware\CMSIS\GD\GD32F4xx\Source\system_gd32f4xx.c 0x00000000   Number         0  system_gd32f4xx.o ABSOLUTE
    ..\Firmware\GD32F4xx_standard_peripheral\Source\gd32f4xx_dci.c 0x00000000   Number         0  gd32f4xx_dci.o ABSOLUTE
    ..\Firmware\GD32F4xx_standard_peripheral\Source\gd32f4xx_dma.c 0x00000000   Number         0  gd32f4xx_dma.o ABSOLUTE
    ..\Firmware\GD32F4xx_standard_peripheral\Source\gd32f4xx_gpio.c 0x00000000   Number         0  gd32f4xx_gpio.o ABSOLUTE
    ..\Firmware\GD32F4xx_standard_peripheral\Source\gd32f4xx_i2c.c 0x00000000   Number         0  gd32f4xx_i2c.o ABSOLUTE
    ..\Firmware\GD32F4xx_standard_peripheral\Source\gd32f4xx_misc.c 0x00000000   Number         0  gd32f4xx_misc.o ABSOLUTE
    ..\Firmware\GD32F4xx_standard_peripheral\Source\gd32f4xx_rcu.c 0x00000000   Number         0  gd32f4xx_rcu.o ABSOLUTE
    ..\Firmware\GD32F4xx_standard_peripheral\Source\gd32f4xx_spi.c 0x00000000   Number         0  gd32f4xx_spi.o ABSOLUTE
    ..\Hardware\DCI\DCI.c                    0x00000000   Number         0  dci.o ABSOLUTE
    ..\Hardware\DMA\MyDMA.c                  0x00000000   Number         0  mydma.o ABSOLUTE
    ..\Hardware\Gui\Gui.c                    0x00000000   Number         0  gui.o ABSOLUTE
    ..\Hardware\Lcd\Lcd.c                    0x00000000   Number         0  lcd.o ABSOLUTE
    ..\Hardware\Lcd\Spi4.c                   0x00000000   Number         0  spi4.o ABSOLUTE
    ..\Hardware\MyI2C\MyIIC.c                0x00000000   Number         0  myiic.o ABSOLUTE
    ..\Hardware\OV2640\OV2640.c              0x00000000   Number         0  ov2640.o ABSOLUTE
    ..\Hardware\TIMER\TIMER.c                0x00000000   Number         0  timer.o ABSOLUTE
    ..\Hardware\led\bsp_led.c                0x00000000   Number         0  bsp_led.o ABSOLUTE
    ..\User\gd32f4xx_it.c                    0x00000000   Number         0  gd32f4xx_it.o ABSOLUTE
    ..\User\main.c                           0x00000000   Number         0  main.o ABSOLUTE
    ..\User\systick.c                        0x00000000   Number         0  systick.o ABSOLUTE
    ..\\..\\..\\..\\DMA_DCI\\Firmware\\GD32F4xx_standard_peripheral\\Source\\gd32f4xx_timer.c 0x00000000   Number         0  gd32f4xx_timer.o ABSOLUTE
    ..\\Firmware\\CMSIS\\GD\\GD32F4xx\\Source\\system_gd32f4xx.c 0x00000000   Number         0  system_gd32f4xx.o ABSOLUTE
    ..\\Firmware\\GD32F4xx_standard_peripheral\\Source\\gd32f4xx_dci.c 0x00000000   Number         0  gd32f4xx_dci.o ABSOLUTE
    ..\\Firmware\\GD32F4xx_standard_peripheral\\Source\\gd32f4xx_dma.c 0x00000000   Number         0  gd32f4xx_dma.o ABSOLUTE
    ..\\Firmware\\GD32F4xx_standard_peripheral\\Source\\gd32f4xx_gpio.c 0x00000000   Number         0  gd32f4xx_gpio.o ABSOLUTE
    ..\\Firmware\\GD32F4xx_standard_peripheral\\Source\\gd32f4xx_i2c.c 0x00000000   Number         0  gd32f4xx_i2c.o ABSOLUTE
    ..\\Firmware\\GD32F4xx_standard_peripheral\\Source\\gd32f4xx_misc.c 0x00000000   Number         0  gd32f4xx_misc.o ABSOLUTE
    ..\\Firmware\\GD32F4xx_standard_peripheral\\Source\\gd32f4xx_rcu.c 0x00000000   Number         0  gd32f4xx_rcu.o ABSOLUTE
    ..\\Firmware\\GD32F4xx_standard_peripheral\\Source\\gd32f4xx_spi.c 0x00000000   Number         0  gd32f4xx_spi.o ABSOLUTE
    ..\\Hardware\\DCI\\DCI.c                 0x00000000   Number         0  dci.o ABSOLUTE
    ..\\Hardware\\DMA\\MyDMA.c               0x00000000   Number         0  mydma.o ABSOLUTE
    ..\\Hardware\\Gui\\Gui.c                 0x00000000   Number         0  gui.o ABSOLUTE
    ..\\Hardware\\Lcd\\Lcd.c                 0x00000000   Number         0  lcd.o ABSOLUTE
    ..\\Hardware\\Lcd\\Spi4.c                0x00000000   Number         0  spi4.o ABSOLUTE
    ..\\Hardware\\MyI2C\\MyIIC.c             0x00000000   Number         0  myiic.o ABSOLUTE
    ..\\Hardware\\OV2640\\OV2640.c           0x00000000   Number         0  ov2640.o ABSOLUTE
    ..\\Hardware\\TIMER\\TIMER.c             0x00000000   Number         0  timer.o ABSOLUTE
    ..\\Hardware\\led\\bsp_led.c             0x00000000   Number         0  bsp_led.o ABSOLUTE
    ..\\User\\gd32f4xx_it.c                  0x00000000   Number         0  gd32f4xx_it.o ABSOLUTE
    ..\\User\\main.c                         0x00000000   Number         0  main.o ABSOLUTE
    ..\\User\\systick.c                      0x00000000   Number         0  systick.o ABSOLUTE
    cdcmple.s                                0x00000000   Number         0  cdcmple.o ABSOLUTE
    dc.s                                     0x00000000   Number         0  dc.o ABSOLUTE
    handlers.s                               0x00000000   Number         0  handlers.o ABSOLUTE
    init.s                                   0x00000000   Number         0  init.o ABSOLUTE
    RESET                                    0x08000000   Section      428  startup_gd32f450_470.o(RESET)
    .ARM.Collect$$$$00000000                 0x080001ac   Section        0  entry.o(.ARM.Collect$$$$00000000)
    .ARM.Collect$$$$00000001                 0x080001ac   Section        4  entry2.o(.ARM.Collect$$$$00000001)
    .ARM.Collect$$$$00000004                 0x080001b0   Section        4  entry5.o(.ARM.Collect$$$$00000004)
    .ARM.Collect$$$$00000008                 0x080001b4   Section        0  entry7b.o(.ARM.Collect$$$$00000008)
    .ARM.Collect$$$$0000000A                 0x080001b4   Section        0  entry8b.o(.ARM.Collect$$$$0000000A)
    .ARM.Collect$$$$0000000B                 0x080001b4   Section        8  entry9a.o(.ARM.Collect$$$$0000000B)
    .ARM.Collect$$$$0000000D                 0x080001bc   Section        0  entry10a.o(.ARM.Collect$$$$0000000D)
    .ARM.Collect$$$$0000000F                 0x080001bc   Section        0  entry11a.o(.ARM.Collect$$$$0000000F)
    .ARM.Collect$$$$00002712                 0x080001bc   Section        4  entry2.o(.ARM.Collect$$$$00002712)
    __lit__00000000                          0x080001bc   Data           4  entry2.o(.ARM.Collect$$$$00002712)
    .text                                    0x080001c0   Section       36  startup_gd32f450_470.o(.text)
    $v0                                      0x080001c0   Number         0  startup_gd32f450_470.o(.text)
    .text                                    0x080001e4   Section       36  init.o(.text)
    i.BusFault_Handler                       0x08000208   Section        0  gd32f4xx_it.o(i.BusFault_Handler)
    i.DCI_IRQHandler                         0x0800020c   Section        0  dci.o(i.DCI_IRQHandler)
    i.DMA1_Channel0_IRQHandler               0x08000238   Section        0  mydma.o(i.DMA1_Channel0_IRQHandler)
    i.DMA1_Channel1_IRQHandler               0x0800028c   Section        0  mydma.o(i.DMA1_Channel1_IRQHandler)
    i.DebugMon_Handler                       0x080002e8   Section        0  gd32f4xx_it.o(i.DebugMon_Handler)
    i.HardFault_Handler                      0x080002ea   Section        0  gd32f4xx_it.o(i.HardFault_Handler)
    i.LCD_DrawPoint                          0x080002ee   Section        0  gui.o(i.LCD_DrawPoint)
    i.LCD_Fill                               0x0800030a   Section        0  gui.o(i.LCD_Fill)
    i.LCD_Show32DCI_Picture                  0x08000350   Section        0  gui.o(i.LCD_Show32DCI_Picture)
    i.LCD_ShowChar                           0x080003e8   Section        0  gui.o(i.LCD_ShowChar)
    i.LCD_ShowIntNum                         0x0800053c   Section        0  gui.o(i.LCD_ShowIntNum)
    i.LCD_Writ_Bus                           0x080005d4   Section        0  lcd.o(i.LCD_Writ_Bus)
    i.LCD_Writ_NewBus                        0x080005fc   Section        0  lcd.o(i.LCD_Writ_NewBus)
    i.Lcd_Init                               0x08000634   Section        0  lcd.o(i.Lcd_Init)
    i.Lcd_PushStart                          0x080007cc   Section        0  lcd.o(i.Lcd_PushStart)
    i.Lcd_SetOrientation                     0x08000844   Section        0  lcd.o(i.Lcd_SetOrientation)
    i.Lcd_WriteCom                           0x08000860   Section        0  lcd.o(i.Lcd_WriteCom)
    i.Lcd_WriteData                          0x08000880   Section        0  lcd.o(i.Lcd_WriteData)
    i.Lcd_WriteData16                        0x0800088c   Section        0  lcd.o(i.Lcd_WriteData16)
    i.MemManage_Handler                      0x0800089e   Section        0  gd32f4xx_it.o(i.MemManage_Handler)
    i.MyDMA_DCI_IRQHandler_Init              0x080008a4   Section        0  mydma.o(i.MyDMA_DCI_IRQHandler_Init)
    i.MyDMA_DCI_IRQHandler_Transfer          0x08000980   Section        0  mydma.o(i.MyDMA_DCI_IRQHandler_Transfer)
    i.MyI2C0_Init                            0x08000990   Section        0  myiic.o(i.MyI2C0_Init)
    i.MyI2C0_ReadReg                         0x08000a30   Section        0  myiic.o(i.MyI2C0_ReadReg)
    i.MyI2C0_WriteReg                        0x08000b24   Section        0  myiic.o(i.MyI2C0_WriteReg)
    i.My_DCI_Init                            0x08000bd8   Section        0  dci.o(i.My_DCI_Init)
    i.NMI_Handler                            0x08000df8   Section        0  gd32f4xx_it.o(i.NMI_Handler)
    i.NVIC_SetPriority                       0x08000dfc   Section        0  systick.o(i.NVIC_SetPriority)
    NVIC_SetPriority                         0x08000dfd   Thumb Code    32  systick.o(i.NVIC_SetPriority)
    i.OV2640_GPIO_Pin_Init                   0x08000e24   Section        0  ov2640.o(i.OV2640_GPIO_Pin_Init)
    i.OV2640_Init                            0x08000e7c   Section        0  ov2640.o(i.OV2640_Init)
    i.OV2640_PWDNState                       0x08000f48   Section        0  ov2640.o(i.OV2640_PWDNState)
    i.OV2640_ReadRegister                    0x08000f60   Section        0  ov2640.o(i.OV2640_ReadRegister)
    i.OV2640_Reset                           0x08000f74   Section        0  ov2640.o(i.OV2640_Reset)
    i.OV2640_WriteRegister                   0x08000f8c   Section        0  ov2640.o(i.OV2640_WriteRegister)
    i.PendSV_Handler                         0x08000f9e   Section        0  gd32f4xx_it.o(i.PendSV_Handler)
    i.SVC_Handler                            0x08000fa0   Section        0  gd32f4xx_it.o(i.SVC_Handler)
    i.Spi4_Init                              0x08000fa4   Section        0  spi4.o(i.Spi4_Init)
    i.Spi4_Write                             0x08001024   Section        0  spi4.o(i.Spi4_Write)
    i.SysTick_Handler                        0x08001054   Section        0  gd32f4xx_it.o(i.SysTick_Handler)
    i.SystemInit                             0x0800105c   Section        0  system_gd32f4xx.o(i.SystemInit)
    i.TIMER0_UP_TIMER9_IRQHandler            0x08001124   Section        0  timer.o(i.TIMER0_UP_TIMER9_IRQHandler)
    i.Timer_Init                             0x08001164   Section        0  timer.o(i.Timer_Init)
    i.UsageFault_Handler                     0x080011b8   Section        0  gd32f4xx_it.o(i.UsageFault_Handler)
    i.__scatterload_copy                     0x080011bc   Section       14  handlers.o(i.__scatterload_copy)
    i.__scatterload_null                     0x080011ca   Section        2  handlers.o(i.__scatterload_null)
    i.__scatterload_zeroinit                 0x080011cc   Section       14  handlers.o(i.__scatterload_zeroinit)
    i.dci_capture_enable                     0x080011dc   Section        0  gd32f4xx_dci.o(i.dci_capture_enable)
    i.dci_deinit                             0x080011f0   Section        0  gd32f4xx_dci.o(i.dci_deinit)
    i.dci_enable                             0x08001204   Section        0  gd32f4xx_dci.o(i.dci_enable)
    i.dci_init                               0x08001218   Section        0  gd32f4xx_dci.o(i.dci_init)
    i.dci_interrupt_enable                   0x0800124c   Section        0  gd32f4xx_dci.o(i.dci_interrupt_enable)
    i.dci_interrupt_flag_clear               0x0800125c   Section        0  gd32f4xx_dci.o(i.dci_interrupt_flag_clear)
    i.dci_interrupt_flag_get                 0x0800126c   Section        0  gd32f4xx_dci.o(i.dci_interrupt_flag_get)
    i.delay                                  0x08001284   Section        0  lcd.o(i.delay)
    i.delay_1ms                              0x08001290   Section        0  systick.o(i.delay_1ms)
    i.delay_decrement                        0x080012a4   Section        0  systick.o(i.delay_decrement)
    i.dma_channel_disable                    0x080012bc   Section        0  gd32f4xx_dma.o(i.dma_channel_disable)
    i.dma_channel_enable                     0x080012dc   Section        0  gd32f4xx_dma.o(i.dma_channel_enable)
    i.dma_channel_subperipheral_select       0x080012fc   Section        0  gd32f4xx_dma.o(i.dma_channel_subperipheral_select)
    i.dma_deinit                             0x08001322   Section        0  gd32f4xx_dma.o(i.dma_deinit)
    i.dma_flag_clear                         0x080013c6   Section        0  gd32f4xx_dma.o(i.dma_flag_clear)
    i.dma_flow_controller_config             0x08001404   Section        0  gd32f4xx_dma.o(i.dma_flow_controller_config)
    i.dma_interrupt_disable                  0x08001444   Section        0  gd32f4xx_dma.o(i.dma_interrupt_disable)
    i.dma_interrupt_flag_clear               0x08001482   Section        0  gd32f4xx_dma.o(i.dma_interrupt_flag_clear)
    i.dma_interrupt_flag_get                 0x080014c0   Section        0  gd32f4xx_dma.o(i.dma_interrupt_flag_get)
    i.dma_multi_data_mode_init               0x080016c4   Section        0  gd32f4xx_dma.o(i.dma_multi_data_mode_init)
    i.dma_switch_buffer_mode_config          0x08001828   Section        0  gd32f4xx_dma.o(i.dma_switch_buffer_mode_config)
    i.dma_switch_buffer_mode_enable          0x08001874   Section        0  gd32f4xx_dma.o(i.dma_switch_buffer_mode_enable)
    i.dma_transfer_number_config             0x080018b6   Section        0  gd32f4xx_dma.o(i.dma_transfer_number_config)
    i.dma_transfer_number_get                0x080018c6   Section        0  gd32f4xx_dma.o(i.dma_transfer_number_get)
    i.gpio_af_set                            0x080018d6   Section        0  gd32f4xx_gpio.o(i.gpio_af_set)
    i.gpio_bit_reset                         0x08001934   Section        0  gd32f4xx_gpio.o(i.gpio_bit_reset)
    i.gpio_bit_set                           0x08001938   Section        0  gd32f4xx_gpio.o(i.gpio_bit_set)
    i.gpio_bit_write                         0x0800193c   Section        0  gd32f4xx_gpio.o(i.gpio_bit_write)
    i.gpio_mode_set                          0x08001946   Section        0  gd32f4xx_gpio.o(i.gpio_mode_set)
    i.gpio_output_options_set                0x08001994   Section        0  gd32f4xx_gpio.o(i.gpio_output_options_set)
    i.i2c_ack_config                         0x080019d6   Section        0  gd32f4xx_i2c.o(i.i2c_ack_config)
    i.i2c_clock_config                       0x080019e8   Section        0  gd32f4xx_i2c.o(i.i2c_clock_config)
    i.i2c_data_receive                       0x08001acc   Section        0  gd32f4xx_i2c.o(i.i2c_data_receive)
    i.i2c_data_transmit                      0x08001ad4   Section        0  gd32f4xx_i2c.o(i.i2c_data_transmit)
    i.i2c_deinit                             0x08001adc   Section        0  gd32f4xx_i2c.o(i.i2c_deinit)
    i.i2c_enable                             0x08001b34   Section        0  gd32f4xx_i2c.o(i.i2c_enable)
    i.i2c_flag_clear                         0x08001b3e   Section        0  gd32f4xx_i2c.o(i.i2c_flag_clear)
    i.i2c_flag_get                           0x08001b66   Section        0  gd32f4xx_i2c.o(i.i2c_flag_get)
    i.i2c_master_addressing                  0x08001b84   Section        0  gd32f4xx_i2c.o(i.i2c_master_addressing)
    i.i2c_mode_addr_config                   0x08001b98   Section        0  gd32f4xx_i2c.o(i.i2c_mode_addr_config)
    i.i2c_start_on_bus                       0x08001bb4   Section        0  gd32f4xx_i2c.o(i.i2c_start_on_bus)
    i.i2c_stop_on_bus                        0x08001bbe   Section        0  gd32f4xx_i2c.o(i.i2c_stop_on_bus)
    i.lcd_gpio_init                          0x08001bc8   Section        0  lcd.o(i.lcd_gpio_init)
    lcd_gpio_init                            0x08001bc9   Thumb Code   132  lcd.o(i.lcd_gpio_init)
    i.main                                   0x08001c54   Section        0  main.o(i.main)
    i.mypow                                  0x08001ce8   Section        0  gui.o(i.mypow)
    i.nvic_irq_enable                        0x08001d00   Section        0  gd32f4xx_misc.o(i.nvic_irq_enable)
    i.nvic_priority_group_set                0x08001dc4   Section        0  gd32f4xx_misc.o(i.nvic_priority_group_set)
    i.ov2640_outsize_set                     0x08001dd8   Section        0  ov2640.o(i.ov2640_outsize_set)
    i.rcu_clock_freq_get                     0x08001e60   Section        0  gd32f4xx_rcu.o(i.rcu_clock_freq_get)
    i.rcu_periph_clock_enable                0x08001f84   Section        0  gd32f4xx_rcu.o(i.rcu_periph_clock_enable)
    i.rcu_periph_reset_disable               0x08001fa8   Section        0  gd32f4xx_rcu.o(i.rcu_periph_reset_disable)
    i.rcu_periph_reset_enable                0x08001fcc   Section        0  gd32f4xx_rcu.o(i.rcu_periph_reset_enable)
    i.spi_enable                             0x08001ff0   Section        0  gd32f4xx_spi.o(i.spi_enable)
    i.spi_i2s_data_transmit                  0x08001ffa   Section        0  gd32f4xx_spi.o(i.spi_i2s_data_transmit)
    i.spi_i2s_flag_get                       0x08001ffe   Section        0  gd32f4xx_spi.o(i.spi_i2s_flag_get)
    i.spi_init                               0x0800200e   Section        0  gd32f4xx_spi.o(i.spi_init)
    i.system_clock_200m_25m_hxtal            0x08002040   Section        0  system_gd32f4xx.o(i.system_clock_200m_25m_hxtal)
    system_clock_200m_25m_hxtal              0x08002041   Thumb Code   240  system_gd32f4xx.o(i.system_clock_200m_25m_hxtal)
    i.system_clock_config                    0x0800213c   Section        0  system_gd32f4xx.o(i.system_clock_config)
    system_clock_config                      0x0800213d   Thumb Code     8  system_gd32f4xx.o(i.system_clock_config)
    i.systick_config                         0x08002144   Section        0  systick.o(i.systick_config)
    i.timer_enable                           0x08002194   Section        0  gd32f4xx_timer.o(i.timer_enable)
    i.timer_init                             0x080021a0   Section        0  gd32f4xx_timer.o(i.timer_init)
    i.timer_interrupt_enable                 0x08002238   Section        0  gd32f4xx_timer.o(i.timer_interrupt_enable)
    i.timer_interrupt_flag_clear             0x08002240   Section        0  gd32f4xx_timer.o(i.timer_interrupt_flag_clear)
    i.timer_interrupt_flag_get               0x08002246   Section        0  gd32f4xx_timer.o(i.timer_interrupt_flag_get)
    .constdata                               0x0800225e   Section    14662  gui.o(.constdata)
    .constdata                               0x08005ba4   Section      754  ov2640.o(.constdata)
    .data                                    0x20000000   Section        4  systick.o(.data)
    delay                                    0x20000000   Data           4  systick.o(.data)
    .data                                    0x20000004   Section        4  system_gd32f4xx.o(.data)
    .data                                    0x20000008   Section        1  lcd.o(.data)
    .data                                    0x2000000c   Section       12  mydma.o(.data)
    .data                                    0x20000018   Section        4  dci.o(.data)
    .data                                    0x2000001c   Section        4  timer.o(.data)
    .bss                                     0x20000020   Section    268800  main.o(.bss)
    STACK                                    0x20041a20   Section     1024  startup_gd32f450_470.o(STACK)

    Global Symbols

    Symbol Name                              Value     Ov Type        Size  Object(Section)

    BuildAttributes$$THM_ISAv4$E$P$D$K$B$S$7EM$VFPi3$EXTD16$VFPS$VFMA$PE$A:L22UL41UL21$X:L11$S22US41US21$IEEE1$IW$USESV6$~STKCKD$USESV7$~SHL$OTIME$ROPI$IEEEJ$EBA8$MICROLIB$REQ8$PRES8$EABIv2 0x00000000   Number         0  anon$$obj.o ABSOLUTE
    __ARM_use_no_argv                        0x00000000   Number         0  main.o ABSOLUTE
    __cpp_initialize__aeabi_                  - Undefined Weak Reference
    __cxa_finalize                            - Undefined Weak Reference
    __decompress                              - Undefined Weak Reference
    _clock_init                               - Undefined Weak Reference
    _microlib_exit                            - Undefined Weak Reference
    __Vectors_Size                           0x000001ac   Number         0  startup_gd32f450_470.o ABSOLUTE
    __Vectors                                0x08000000   Data           4  startup_gd32f450_470.o(RESET)
    __Vectors_End                            0x080001ac   Data           0  startup_gd32f450_470.o(RESET)
    __main                                   0x080001ad   Thumb Code     0  entry.o(.ARM.Collect$$$$00000000)
    _main_stk                                0x080001ad   Thumb Code     0  entry2.o(.ARM.Collect$$$$00000001)
    _main_scatterload                        0x080001b1   Thumb Code     0  entry5.o(.ARM.Collect$$$$00000004)
    __main_after_scatterload                 0x080001b5   Thumb Code     0  entry5.o(.ARM.Collect$$$$00000004)
    _main_clock                              0x080001b5   Thumb Code     0  entry7b.o(.ARM.Collect$$$$00000008)
    _main_cpp_init                           0x080001b5   Thumb Code     0  entry8b.o(.ARM.Collect$$$$0000000A)
    _main_init                               0x080001b5   Thumb Code     0  entry9a.o(.ARM.Collect$$$$0000000B)
    __rt_final_cpp                           0x080001bd   Thumb Code     0  entry10a.o(.ARM.Collect$$$$0000000D)
    __rt_final_exit                          0x080001bd   Thumb Code     0  entry11a.o(.ARM.Collect$$$$0000000F)
    Reset_Handler                            0x080001c1   Thumb Code     8  startup_gd32f450_470.o(.text)
    ADC_IRQHandler                           0x080001db   Thumb Code     0  startup_gd32f450_470.o(.text)
    CAN0_EWMC_IRQHandler                     0x080001db   Thumb Code     0  startup_gd32f450_470.o(.text)
    CAN0_RX0_IRQHandler                      0x080001db   Thumb Code     0  startup_gd32f450_470.o(.text)
    CAN0_RX1_IRQHandler                      0x080001db   Thumb Code     0  startup_gd32f450_470.o(.text)
    CAN0_TX_IRQHandler                       0x080001db   Thumb Code     0  startup_gd32f450_470.o(.text)
    CAN1_EWMC_IRQHandler                     0x080001db   Thumb Code     0  startup_gd32f450_470.o(.text)
    CAN1_RX0_IRQHandler                      0x080001db   Thumb Code     0  startup_gd32f450_470.o(.text)
    CAN1_RX1_IRQHandler                      0x080001db   Thumb Code     0  startup_gd32f450_470.o(.text)
    CAN1_TX_IRQHandler                       0x080001db   Thumb Code     0  startup_gd32f450_470.o(.text)
    DMA0_Channel0_IRQHandler                 0x080001db   Thumb Code     0  startup_gd32f450_470.o(.text)
    DMA0_Channel1_IRQHandler                 0x080001db   Thumb Code     0  startup_gd32f450_470.o(.text)
    DMA0_Channel2_IRQHandler                 0x080001db   Thumb Code     0  startup_gd32f450_470.o(.text)
    DMA0_Channel3_IRQHandler                 0x080001db   Thumb Code     0  startup_gd32f450_470.o(.text)
    DMA0_Channel4_IRQHandler                 0x080001db   Thumb Code     0  startup_gd32f450_470.o(.text)
    DMA0_Channel5_IRQHandler                 0x080001db   Thumb Code     0  startup_gd32f450_470.o(.text)
    DMA0_Channel6_IRQHandler                 0x080001db   Thumb Code     0  startup_gd32f450_470.o(.text)
    DMA0_Channel7_IRQHandler                 0x080001db   Thumb Code     0  startup_gd32f450_470.o(.text)
    DMA1_Channel2_IRQHandler                 0x080001db   Thumb Code     0  startup_gd32f450_470.o(.text)
    DMA1_Channel3_IRQHandler                 0x080001db   Thumb Code     0  startup_gd32f450_470.o(.text)
    DMA1_Channel4_IRQHandler                 0x080001db   Thumb Code     0  startup_gd32f450_470.o(.text)
    DMA1_Channel5_IRQHandler                 0x080001db   Thumb Code     0  startup_gd32f450_470.o(.text)
    DMA1_Channel6_IRQHandler                 0x080001db   Thumb Code     0  startup_gd32f450_470.o(.text)
    DMA1_Channel7_IRQHandler                 0x080001db   Thumb Code     0  startup_gd32f450_470.o(.text)
    ENET_IRQHandler                          0x080001db   Thumb Code     0  startup_gd32f450_470.o(.text)
    ENET_WKUP_IRQHandler                     0x080001db   Thumb Code     0  startup_gd32f450_470.o(.text)
    EXMC_IRQHandler                          0x080001db   Thumb Code     0  startup_gd32f450_470.o(.text)
    EXTI0_IRQHandler                         0x080001db   Thumb Code     0  startup_gd32f450_470.o(.text)
    EXTI10_15_IRQHandler                     0x080001db   Thumb Code     0  startup_gd32f450_470.o(.text)
    EXTI1_IRQHandler                         0x080001db   Thumb Code     0  startup_gd32f450_470.o(.text)
    EXTI2_IRQHandler                         0x080001db   Thumb Code     0  startup_gd32f450_470.o(.text)
    EXTI3_IRQHandler                         0x080001db   Thumb Code     0  startup_gd32f450_470.o(.text)
    EXTI4_IRQHandler                         0x080001db   Thumb Code     0  startup_gd32f450_470.o(.text)
    EXTI5_9_IRQHandler                       0x080001db   Thumb Code     0  startup_gd32f450_470.o(.text)
    FMC_IRQHandler                           0x080001db   Thumb Code     0  startup_gd32f450_470.o(.text)
    FPU_IRQHandler                           0x080001db   Thumb Code     0  startup_gd32f450_470.o(.text)
    I2C0_ER_IRQHandler                       0x080001db   Thumb Code     0  startup_gd32f450_470.o(.text)
    I2C0_EV_IRQHandler                       0x080001db   Thumb Code     0  startup_gd32f450_470.o(.text)
    I2C1_ER_IRQHandler                       0x080001db   Thumb Code     0  startup_gd32f450_470.o(.text)
    I2C1_EV_IRQHandler                       0x080001db   Thumb Code     0  startup_gd32f450_470.o(.text)
    I2C2_ER_IRQHandler                       0x080001db   Thumb Code     0  startup_gd32f450_470.o(.text)
    I2C2_EV_IRQHandler                       0x080001db   Thumb Code     0  startup_gd32f450_470.o(.text)
    IPA_IRQHandler                           0x080001db   Thumb Code     0  startup_gd32f450_470.o(.text)
    LVD_IRQHandler                           0x080001db   Thumb Code     0  startup_gd32f450_470.o(.text)
    RCU_CTC_IRQHandler                       0x080001db   Thumb Code     0  startup_gd32f450_470.o(.text)
    RTC_Alarm_IRQHandler                     0x080001db   Thumb Code     0  startup_gd32f450_470.o(.text)
    RTC_WKUP_IRQHandler                      0x080001db   Thumb Code     0  startup_gd32f450_470.o(.text)
    SDIO_IRQHandler                          0x080001db   Thumb Code     0  startup_gd32f450_470.o(.text)
    SPI0_IRQHandler                          0x080001db   Thumb Code     0  startup_gd32f450_470.o(.text)
    SPI1_IRQHandler                          0x080001db   Thumb Code     0  startup_gd32f450_470.o(.text)
    SPI2_IRQHandler                          0x080001db   Thumb Code     0  startup_gd32f450_470.o(.text)
    SPI3_IRQHandler                          0x080001db   Thumb Code     0  startup_gd32f450_470.o(.text)
    SPI4_IRQHandler                          0x080001db   Thumb Code     0  startup_gd32f450_470.o(.text)
    SPI5_IRQHandler                          0x080001db   Thumb Code     0  startup_gd32f450_470.o(.text)
    TAMPER_STAMP_IRQHandler                  0x080001db   Thumb Code     0  startup_gd32f450_470.o(.text)
    TIMER0_BRK_TIMER8_IRQHandler             0x080001db   Thumb Code     0  startup_gd32f450_470.o(.text)
    TIMER0_Channel_IRQHandler                0x080001db   Thumb Code     0  startup_gd32f450_470.o(.text)
    TIMER0_TRG_CMT_TIMER10_IRQHandler        0x080001db   Thumb Code     0  startup_gd32f450_470.o(.text)
    TIMER1_IRQHandler                        0x080001db   Thumb Code     0  startup_gd32f450_470.o(.text)
    TIMER2_IRQHandler                        0x080001db   Thumb Code     0  startup_gd32f450_470.o(.text)
    TIMER3_IRQHandler                        0x080001db   Thumb Code     0  startup_gd32f450_470.o(.text)
    TIMER4_IRQHandler                        0x080001db   Thumb Code     0  startup_gd32f450_470.o(.text)
    TIMER5_DAC_IRQHandler                    0x080001db   Thumb Code     0  startup_gd32f450_470.o(.text)
    TIMER6_IRQHandler                        0x080001db   Thumb Code     0  startup_gd32f450_470.o(.text)
    TIMER7_BRK_TIMER11_IRQHandler            0x080001db   Thumb Code     0  startup_gd32f450_470.o(.text)
    TIMER7_Channel_IRQHandler                0x080001db   Thumb Code     0  startup_gd32f450_470.o(.text)
    TIMER7_TRG_CMT_TIMER13_IRQHandler        0x080001db   Thumb Code     0  startup_gd32f450_470.o(.text)
    TIMER7_UP_TIMER12_IRQHandler             0x080001db   Thumb Code     0  startup_gd32f450_470.o(.text)
    TLI_ER_IRQHandler                        0x080001db   Thumb Code     0  startup_gd32f450_470.o(.text)
    TLI_IRQHandler                           0x080001db   Thumb Code     0  startup_gd32f450_470.o(.text)
    TRNG_IRQHandler                          0x080001db   Thumb Code     0  startup_gd32f450_470.o(.text)
    UART3_IRQHandler                         0x080001db   Thumb Code     0  startup_gd32f450_470.o(.text)
    UART4_IRQHandler                         0x080001db   Thumb Code     0  startup_gd32f450_470.o(.text)
    UART6_IRQHandler                         0x080001db   Thumb Code     0  startup_gd32f450_470.o(.text)
    UART7_IRQHandler                         0x080001db   Thumb Code     0  startup_gd32f450_470.o(.text)
    USART0_IRQHandler                        0x080001db   Thumb Code     0  startup_gd32f450_470.o(.text)
    USART1_IRQHandler                        0x080001db   Thumb Code     0  startup_gd32f450_470.o(.text)
    USART2_IRQHandler                        0x080001db   Thumb Code     0  startup_gd32f450_470.o(.text)
    USART5_IRQHandler                        0x080001db   Thumb Code     0  startup_gd32f450_470.o(.text)
    USBFS_IRQHandler                         0x080001db   Thumb Code     0  startup_gd32f450_470.o(.text)
    USBFS_WKUP_IRQHandler                    0x080001db   Thumb Code     0  startup_gd32f450_470.o(.text)
    USBHS_EP1_In_IRQHandler                  0x080001db   Thumb Code     0  startup_gd32f450_470.o(.text)
    USBHS_EP1_Out_IRQHandler                 0x080001db   Thumb Code     0  startup_gd32f450_470.o(.text)
    USBHS_IRQHandler                         0x080001db   Thumb Code     0  startup_gd32f450_470.o(.text)
    USBHS_WKUP_IRQHandler                    0x080001db   Thumb Code     0  startup_gd32f450_470.o(.text)
    WWDGT_IRQHandler                         0x080001db   Thumb Code     0  startup_gd32f450_470.o(.text)
    __scatterload                            0x080001e5   Thumb Code    28  init.o(.text)
    __scatterload_rt2                        0x080001e5   Thumb Code     0  init.o(.text)
    BusFault_Handler                         0x08000209   Thumb Code     4  gd32f4xx_it.o(i.BusFault_Handler)
    DCI_IRQHandler                           0x0800020d   Thumb Code    34  dci.o(i.DCI_IRQHandler)
    DMA1_Channel0_IRQHandler                 0x08000239   Thumb Code    70  mydma.o(i.DMA1_Channel0_IRQHandler)
    DMA1_Channel1_IRQHandler                 0x0800028d   Thumb Code    76  mydma.o(i.DMA1_Channel1_IRQHandler)
    DebugMon_Handler                         0x080002e9   Thumb Code     2  gd32f4xx_it.o(i.DebugMon_Handler)
    HardFault_Handler                        0x080002eb   Thumb Code     4  gd32f4xx_it.o(i.HardFault_Handler)
    LCD_DrawPoint                            0x080002ef   Thumb Code    28  gui.o(i.LCD_DrawPoint)
    LCD_Fill                                 0x0800030b   Thumb Code    70  gui.o(i.LCD_Fill)
    LCD_Show32DCI_Picture                    0x08000351   Thumb Code   150  gui.o(i.LCD_Show32DCI_Picture)
    LCD_ShowChar                             0x080003e9   Thumb Code   324  gui.o(i.LCD_ShowChar)
    LCD_ShowIntNum                           0x0800053d   Thumb Code   150  gui.o(i.LCD_ShowIntNum)
    LCD_Writ_Bus                             0x080005d5   Thumb Code    34  lcd.o(i.LCD_Writ_Bus)
    LCD_Writ_NewBus                          0x080005fd   Thumb Code    46  lcd.o(i.LCD_Writ_NewBus)
    Lcd_Init                                 0x08000635   Thumb Code   402  lcd.o(i.Lcd_Init)
    Lcd_PushStart                            0x080007cd   Thumb Code   114  lcd.o(i.Lcd_PushStart)
    Lcd_SetOrientation                       0x08000845   Thumb Code    24  lcd.o(i.Lcd_SetOrientation)
    Lcd_WriteCom                             0x08000861   Thumb Code    28  lcd.o(i.Lcd_WriteCom)
    Lcd_WriteData                            0x08000881   Thumb Code    12  lcd.o(i.Lcd_WriteData)
    Lcd_WriteData16                          0x0800088d   Thumb Code    18  lcd.o(i.Lcd_WriteData16)
    MemManage_Handler                        0x0800089f   Thumb Code     4  gd32f4xx_it.o(i.MemManage_Handler)
    MyDMA_DCI_IRQHandler_Init                0x080008a5   Thumb Code   208  mydma.o(i.MyDMA_DCI_IRQHandler_Init)
    MyDMA_DCI_IRQHandler_Transfer            0x08000981   Thumb Code    12  mydma.o(i.MyDMA_DCI_IRQHandler_Transfer)
    MyI2C0_Init                              0x08000991   Thumb Code   146  myiic.o(i.MyI2C0_Init)
    MyI2C0_ReadReg                           0x08000a31   Thumb Code   240  myiic.o(i.MyI2C0_ReadReg)
    MyI2C0_WriteReg                          0x08000b25   Thumb Code   174  myiic.o(i.MyI2C0_WriteReg)
    My_DCI_Init                              0x08000bd9   Thumb Code   518  dci.o(i.My_DCI_Init)
    NMI_Handler                              0x08000df9   Thumb Code     2  gd32f4xx_it.o(i.NMI_Handler)
    OV2640_GPIO_Pin_Init                     0x08000e25   Thumb Code    78  ov2640.o(i.OV2640_GPIO_Pin_Init)
    OV2640_Init                              0x08000e7d   Thumb Code   192  ov2640.o(i.OV2640_Init)
    OV2640_PWDNState                         0x08000f49   Thumb Code    18  ov2640.o(i.OV2640_PWDNState)
    OV2640_ReadRegister                      0x08000f61   Thumb Code    18  ov2640.o(i.OV2640_ReadRegister)
    OV2640_Reset                             0x08000f75   Thumb Code    18  ov2640.o(i.OV2640_Reset)
    OV2640_WriteRegister                     0x08000f8d   Thumb Code    18  ov2640.o(i.OV2640_WriteRegister)
    PendSV_Handler                           0x08000f9f   Thumb Code     2  gd32f4xx_it.o(i.PendSV_Handler)
    SVC_Handler                              0x08000fa1   Thumb Code     2  gd32f4xx_it.o(i.SVC_Handler)
    Spi4_Init                                0x08000fa5   Thumb Code   118  spi4.o(i.Spi4_Init)
    Spi4_Write                               0x08001025   Thumb Code    42  spi4.o(i.Spi4_Write)
    SysTick_Handler                          0x08001055   Thumb Code     8  gd32f4xx_it.o(i.SysTick_Handler)
    SystemInit                               0x0800105d   Thumb Code   184  system_gd32f4xx.o(i.SystemInit)
    TIMER0_UP_TIMER9_IRQHandler              0x08001125   Thumb Code    46  timer.o(i.TIMER0_UP_TIMER9_IRQHandler)
    Timer_Init                               0x08001165   Thumb Code    80  timer.o(i.Timer_Init)
    UsageFault_Handler                       0x080011b9   Thumb Code     4  gd32f4xx_it.o(i.UsageFault_Handler)
    __scatterload_copy                       0x080011bd   Thumb Code    14  handlers.o(i.__scatterload_copy)
    __scatterload_null                       0x080011cb   Thumb Code     2  handlers.o(i.__scatterload_null)
    __scatterload_zeroinit                   0x080011cd   Thumb Code    14  handlers.o(i.__scatterload_zeroinit)
    dci_capture_enable                       0x080011dd   Thumb Code    14  gd32f4xx_dci.o(i.dci_capture_enable)
    dci_deinit                               0x080011f1   Thumb Code    20  gd32f4xx_dci.o(i.dci_deinit)
    dci_enable                               0x08001205   Thumb Code    14  gd32f4xx_dci.o(i.dci_enable)
    dci_init                                 0x08001219   Thumb Code    46  gd32f4xx_dci.o(i.dci_init)
    dci_interrupt_enable                     0x0800124d   Thumb Code    12  gd32f4xx_dci.o(i.dci_interrupt_enable)
    dci_interrupt_flag_clear                 0x0800125d   Thumb Code    12  gd32f4xx_dci.o(i.dci_interrupt_flag_clear)
    dci_interrupt_flag_get                   0x0800126d   Thumb Code    18  gd32f4xx_dci.o(i.dci_interrupt_flag_get)
    delay                                    0x08001285   Thumb Code    12  lcd.o(i.delay)
    delay_1ms                                0x08001291   Thumb Code    16  systick.o(i.delay_1ms)
    delay_decrement                          0x080012a5   Thumb Code    18  systick.o(i.delay_decrement)
    dma_channel_disable                      0x080012bd   Thumb Code    32  gd32f4xx_dma.o(i.dma_channel_disable)
    dma_channel_enable                       0x080012dd   Thumb Code    32  gd32f4xx_dma.o(i.dma_channel_enable)
    dma_channel_subperipheral_select         0x080012fd   Thumb Code    38  gd32f4xx_dma.o(i.dma_channel_subperipheral_select)
    dma_deinit                               0x08001323   Thumb Code   164  gd32f4xx_dma.o(i.dma_deinit)
    dma_flag_clear                           0x080013c7   Thumb Code    62  gd32f4xx_dma.o(i.dma_flag_clear)
    dma_flow_controller_config               0x08001405   Thumb Code    64  gd32f4xx_dma.o(i.dma_flow_controller_config)
    dma_interrupt_disable                    0x08001445   Thumb Code    62  gd32f4xx_dma.o(i.dma_interrupt_disable)
    dma_interrupt_flag_clear                 0x08001483   Thumb Code    62  gd32f4xx_dma.o(i.dma_interrupt_flag_clear)
    dma_interrupt_flag_get                   0x080014c1   Thumb Code   516  gd32f4xx_dma.o(i.dma_interrupt_flag_get)
    dma_multi_data_mode_init                 0x080016c5   Thumb Code   352  gd32f4xx_dma.o(i.dma_multi_data_mode_init)
    dma_switch_buffer_mode_config            0x08001829   Thumb Code    76  gd32f4xx_dma.o(i.dma_switch_buffer_mode_config)
    dma_switch_buffer_mode_enable            0x08001875   Thumb Code    66  gd32f4xx_dma.o(i.dma_switch_buffer_mode_enable)
    dma_transfer_number_config               0x080018b7   Thumb Code    16  gd32f4xx_dma.o(i.dma_transfer_number_config)
    dma_transfer_number_get                  0x080018c7   Thumb Code    16  gd32f4xx_dma.o(i.dma_transfer_number_get)
    gpio_af_set                              0x080018d7   Thumb Code    94  gd32f4xx_gpio.o(i.gpio_af_set)
    gpio_bit_reset                           0x08001935   Thumb Code     4  gd32f4xx_gpio.o(i.gpio_bit_reset)
    gpio_bit_set                             0x08001939   Thumb Code     4  gd32f4xx_gpio.o(i.gpio_bit_set)
    gpio_bit_write                           0x0800193d   Thumb Code    10  gd32f4xx_gpio.o(i.gpio_bit_write)
    gpio_mode_set                            0x08001947   Thumb Code    78  gd32f4xx_gpio.o(i.gpio_mode_set)
    gpio_output_options_set                  0x08001995   Thumb Code    66  gd32f4xx_gpio.o(i.gpio_output_options_set)
    i2c_ack_config                           0x080019d7   Thumb Code    16  gd32f4xx_i2c.o(i.i2c_ack_config)
    i2c_clock_config                         0x080019e9   Thumb Code   216  gd32f4xx_i2c.o(i.i2c_clock_config)
    i2c_data_receive                         0x08001acd   Thumb Code     8  gd32f4xx_i2c.o(i.i2c_data_receive)
    i2c_data_transmit                        0x08001ad5   Thumb Code     6  gd32f4xx_i2c.o(i.i2c_data_transmit)
    i2c_deinit                               0x08001add   Thumb Code    84  gd32f4xx_i2c.o(i.i2c_deinit)
    i2c_enable                               0x08001b35   Thumb Code    10  gd32f4xx_i2c.o(i.i2c_enable)
    i2c_flag_clear                           0x08001b3f   Thumb Code    40  gd32f4xx_i2c.o(i.i2c_flag_clear)
    i2c_flag_get                             0x08001b67   Thumb Code    30  gd32f4xx_i2c.o(i.i2c_flag_get)
    i2c_master_addressing                    0x08001b85   Thumb Code    20  gd32f4xx_i2c.o(i.i2c_master_addressing)
    i2c_mode_addr_config                     0x08001b99   Thumb Code    28  gd32f4xx_i2c.o(i.i2c_mode_addr_config)
    i2c_start_on_bus                         0x08001bb5   Thumb Code    10  gd32f4xx_i2c.o(i.i2c_start_on_bus)
    i2c_stop_on_bus                          0x08001bbf   Thumb Code    10  gd32f4xx_i2c.o(i.i2c_stop_on_bus)
    main                                     0x08001c55   Thumb Code   136  main.o(i.main)
    mypow                                    0x08001ce9   Thumb Code    22  gui.o(i.mypow)
    nvic_irq_enable                          0x08001d01   Thumb Code   186  gd32f4xx_misc.o(i.nvic_irq_enable)
    nvic_priority_group_set                  0x08001dc5   Thumb Code    10  gd32f4xx_misc.o(i.nvic_priority_group_set)
    ov2640_outsize_set                       0x08001dd9   Thumb Code   136  ov2640.o(i.ov2640_outsize_set)
    rcu_clock_freq_get                       0x08001e61   Thumb Code   264  gd32f4xx_rcu.o(i.rcu_clock_freq_get)
    rcu_periph_clock_enable                  0x08001f85   Thumb Code    32  gd32f4xx_rcu.o(i.rcu_periph_clock_enable)
    rcu_periph_reset_disable                 0x08001fa9   Thumb Code    32  gd32f4xx_rcu.o(i.rcu_periph_reset_disable)
    rcu_periph_reset_enable                  0x08001fcd   Thumb Code    32  gd32f4xx_rcu.o(i.rcu_periph_reset_enable)
    spi_enable                               0x08001ff1   Thumb Code    10  gd32f4xx_spi.o(i.spi_enable)
    spi_i2s_data_transmit                    0x08001ffb   Thumb Code     4  gd32f4xx_spi.o(i.spi_i2s_data_transmit)
    spi_i2s_flag_get                         0x08001fff   Thumb Code    16  gd32f4xx_spi.o(i.spi_i2s_flag_get)
    spi_init                                 0x0800200f   Thumb Code    50  gd32f4xx_spi.o(i.spi_init)
    systick_config                           0x08002145   Thumb Code    74  systick.o(i.systick_config)
    timer_enable                             0x08002195   Thumb Code    10  gd32f4xx_timer.o(i.timer_enable)
    timer_init                               0x080021a1   Thumb Code   122  gd32f4xx_timer.o(i.timer_init)
    timer_interrupt_enable                   0x08002239   Thumb Code     8  gd32f4xx_timer.o(i.timer_interrupt_enable)
    timer_interrupt_flag_clear               0x08002241   Thumb Code     6  gd32f4xx_timer.o(i.timer_interrupt_flag_clear)
    timer_interrupt_flag_get                 0x08002247   Thumb Code    24  gd32f4xx_timer.o(i.timer_interrupt_flag_get)
    ascii_1206                               0x0800225e   Data        1140  gui.o(.constdata)
    ascii_1608                               0x080026d2   Data        1520  gui.o(.constdata)
    ascii_2412                               0x08002cc2   Data        4560  gui.o(.constdata)
    ascii_3216                               0x08003e92   Data        6080  gui.o(.constdata)
    tfont12                                  0x08005652   Data         104  gui.o(.constdata)
    tfont16                                  0x080056ba   Data         442  gui.o(.constdata)
    tfont24                                  0x08005874   Data         296  gui.o(.constdata)
    tfont32                                  0x0800599c   Data         520  gui.o(.constdata)
    ov2640_svga_init_reg_tbl                 0x08005ba4   Data         354  ov2640.o(.constdata)
    change_reg                               0x08005d06   Data         356  ov2640.o(.constdata)
    ov2640_rgb565_reg_tbl                    0x08005e6a   Data          28  ov2640.o(.constdata)
    OV2640_30FPS                             0x08005e86   Data          16  ov2640.o(.constdata)
    Region$$Table$$Base                      0x08005e98   Number         0  anon$$obj.o(Region$$Table)
    Region$$Table$$Limit                     0x08005eb8   Number         0  anon$$obj.o(Region$$Table)
    SystemCoreClock                          0x20000004   Data           4  system_gd32f4xx.o(.data)
    lcd_Orientation                          0x20000008   Data           1  lcd.o(.data)
    TransFinish_Display                      0x2000000c   Data           1  mydma.o(.data)
    MyDMA_IRQHandler_Number                  0x20000010   Data           4  mydma.o(.data)
    Temp                                     0x20000014   Data           4  mydma.o(.data)
    ov_frameEND                              0x20000018   Data           2  dci.o(.data)
    OV2640_Frame                             0x2000001a   Data           1  dci.o(.data)
    OV2640_FrameCount                        0x2000001b   Data           1  dci.o(.data)
    FrameState                               0x2000001c   Data           1  timer.o(.data)
    FrameCount                               0x2000001e   Data           2  timer.o(.data)
    Pic_Image                                0x20000020   Data       134400  main.o(.bss)
    Pic_Image8                               0x20020d20   Data       134400  main.o(.bss)
    __initial_sp                             0x20041e20   Data           0  startup_gd32f450_470.o(STACK)



==============================================================================

Memory Map of the image

  Image Entry point : 0x080001ad

  Load Region LR_IROM1 (Base: 0x08000000, Size: 0x00005ed8, Max: 0x00100000, ABSOLUTE)

    Execution Region ER_IROM1 (Exec base: 0x08000000, Load base: 0x08000000, Size: 0x00005eb8, Max: 0x00100000, ABSOLUTE)

    Exec Addr    Load Addr    Size         Type   Attr      Idx    E Section Name        Object

    0x08000000   0x08000000   0x000001ac   Data   RO          565    RESET               startup_gd32f450_470.o
    0x080001ac   0x080001ac   0x00000000   Code   RO         2913  * .ARM.Collect$$$$00000000  mc_w.l(entry.o)
    0x080001ac   0x080001ac   0x00000004   Code   RO         2928    .ARM.Collect$$$$00000001  mc_w.l(entry2.o)
    0x080001b0   0x080001b0   0x00000004   Code   RO         2931    .ARM.Collect$$$$00000004  mc_w.l(entry5.o)
    0x080001b4   0x080001b4   0x00000000   Code   RO         2933    .ARM.Collect$$$$00000008  mc_w.l(entry7b.o)
    0x080001b4   0x080001b4   0x00000000   Code   RO         2935    .ARM.Collect$$$$0000000A  mc_w.l(entry8b.o)
    0x080001b4   0x080001b4   0x00000008   Code   RO         2936    .ARM.Collect$$$$0000000B  mc_w.l(entry9a.o)
    0x080001bc   0x080001bc   0x00000000   Code   RO         2938    .ARM.Collect$$$$0000000D  mc_w.l(entry10a.o)
    0x080001bc   0x080001bc   0x00000000   Code   RO         2940    .ARM.Collect$$$$0000000F  mc_w.l(entry11a.o)
    0x080001bc   0x080001bc   0x00000004   Code   RO         2929    .ARM.Collect$$$$00002712  mc_w.l(entry2.o)
    0x080001c0   0x080001c0   0x00000024   Code   RO          566    .text               startup_gd32f450_470.o
    0x080001e4   0x080001e4   0x00000024   Code   RO         2960    .text               mc_w.l(init.o)
    0x08000208   0x08000208   0x00000004   Code   RO          338    i.BusFault_Handler  gd32f4xx_it.o
    0x0800020c   0x0800020c   0x0000002c   Code   RO          980    i.DCI_IRQHandler    dci.o
    0x08000238   0x08000238   0x00000054   Code   RO          899    i.DMA1_Channel0_IRQHandler  mydma.o
    0x0800028c   0x0800028c   0x0000005c   Code   RO          900    i.DMA1_Channel1_IRQHandler  mydma.o
    0x080002e8   0x080002e8   0x00000002   Code   RO          339    i.DebugMon_Handler  gd32f4xx_it.o
    0x080002ea   0x080002ea   0x00000004   Code   RO          340    i.HardFault_Handler  gd32f4xx_it.o
    0x080002ee   0x080002ee   0x0000001c   Code   RO          744    i.LCD_DrawPoint     gui.o
    0x0800030a   0x0800030a   0x00000046   Code   RO          746    i.LCD_Fill          gui.o
    0x08000350   0x08000350   0x00000096   Code   RO          747    i.LCD_Show32DCI_Picture  gui.o
    0x080003e6   0x080003e6   0x00000002   PAD
    0x080003e8   0x080003e8   0x00000154   Code   RO          749    i.LCD_ShowChar      gui.o
    0x0800053c   0x0800053c   0x00000096   Code   RO          757    i.LCD_ShowIntNum    gui.o
    0x080005d2   0x080005d2   0x00000002   PAD
    0x080005d4   0x080005d4   0x00000028   Code   RO          602    i.LCD_Writ_Bus      lcd.o
    0x080005fc   0x080005fc   0x00000038   Code   RO          603    i.LCD_Writ_NewBus   lcd.o
    0x08000634   0x08000634   0x00000198   Code   RO          606    i.Lcd_Init          lcd.o
    0x080007cc   0x080007cc   0x00000078   Code   RO          607    i.Lcd_PushStart     lcd.o
    0x08000844   0x08000844   0x0000001c   Code   RO          609    i.Lcd_SetOrientation  lcd.o
    0x08000860   0x08000860   0x00000020   Code   RO          610    i.Lcd_WriteCom      lcd.o
    0x08000880   0x08000880   0x0000000c   Code   RO          611    i.Lcd_WriteData     lcd.o
    0x0800088c   0x0800088c   0x00000012   Code   RO          612    i.Lcd_WriteData16   lcd.o
    0x0800089e   0x0800089e   0x00000004   Code   RO          341    i.MemManage_Handler  gd32f4xx_it.o
    0x080008a2   0x080008a2   0x00000002   PAD
    0x080008a4   0x080008a4   0x000000dc   Code   RO          901    i.MyDMA_DCI_IRQHandler_Init  mydma.o
    0x08000980   0x08000980   0x00000010   Code   RO          902    i.MyDMA_DCI_IRQHandler_Transfer  mydma.o
    0x08000990   0x08000990   0x000000a0   Code   RO         1016    i.MyI2C0_Init       myiic.o
    0x08000a30   0x08000a30   0x000000f4   Code   RO         1017    i.MyI2C0_ReadReg    myiic.o
    0x08000b24   0x08000b24   0x000000b4   Code   RO         1018    i.MyI2C0_WriteReg   myiic.o
    0x08000bd8   0x08000bd8   0x00000220   Code   RO          981    i.My_DCI_Init       dci.o
    0x08000df8   0x08000df8   0x00000002   Code   RO          342    i.NMI_Handler       gd32f4xx_it.o
    0x08000dfa   0x08000dfa   0x00000002   PAD
    0x08000dfc   0x08000dfc   0x00000028   Code   RO            3    i.NVIC_SetPriority  systick.o
    0x08000e24   0x08000e24   0x00000058   Code   RO         1051    i.OV2640_GPIO_Pin_Init  ov2640.o
    0x08000e7c   0x08000e7c   0x000000cc   Code   RO         1052    i.OV2640_Init       ov2640.o
    0x08000f48   0x08000f48   0x00000018   Code   RO         1053    i.OV2640_PWDNState  ov2640.o
    0x08000f60   0x08000f60   0x00000012   Code   RO         1054    i.OV2640_ReadRegister  ov2640.o
    0x08000f72   0x08000f72   0x00000002   PAD
    0x08000f74   0x08000f74   0x00000018   Code   RO         1055    i.OV2640_Reset      ov2640.o
    0x08000f8c   0x08000f8c   0x00000012   Code   RO         1056    i.OV2640_WriteRegister  ov2640.o
    0x08000f9e   0x08000f9e   0x00000002   Code   RO          343    i.PendSV_Handler    gd32f4xx_it.o
    0x08000fa0   0x08000fa0   0x00000002   Code   RO          344    i.SVC_Handler       gd32f4xx_it.o
    0x08000fa2   0x08000fa2   0x00000002   PAD
    0x08000fa4   0x08000fa4   0x00000080   Code   RO          702    i.Spi4_Init         spi4.o
    0x08001024   0x08001024   0x00000030   Code   RO          705    i.Spi4_Write        spi4.o
    0x08001054   0x08001054   0x00000008   Code   RO          345    i.SysTick_Handler   gd32f4xx_it.o
    0x0800105c   0x0800105c   0x000000c8   Code   RO          418    i.SystemInit        system_gd32f4xx.o
    0x08001124   0x08001124   0x00000040   Code   RO         1127    i.TIMER0_UP_TIMER9_IRQHandler  timer.o
    0x08001164   0x08001164   0x00000054   Code   RO         1128    i.Timer_Init        timer.o
    0x080011b8   0x080011b8   0x00000004   Code   RO          346    i.UsageFault_Handler  gd32f4xx_it.o
    0x080011bc   0x080011bc   0x0000000e   Code   RO         2964    i.__scatterload_copy  mc_w.l(handlers.o)
    0x080011ca   0x080011ca   0x00000002   Code   RO         2965    i.__scatterload_null  mc_w.l(handlers.o)
    0x080011cc   0x080011cc   0x0000000e   Code   RO         2966    i.__scatterload_zeroinit  mc_w.l(handlers.o)
    0x080011da   0x080011da   0x00000002   PAD
    0x080011dc   0x080011dc   0x00000014   Code   RO         2076    i.dci_capture_enable  gd32f4xx_dci.o
    0x080011f0   0x080011f0   0x00000014   Code   RO         2081    i.dci_deinit        gd32f4xx_dci.o
    0x08001204   0x08001204   0x00000014   Code   RO         2085    i.dci_enable        gd32f4xx_dci.o
    0x08001218   0x08001218   0x00000034   Code   RO         2087    i.dci_init          gd32f4xx_dci.o
    0x0800124c   0x0800124c   0x00000010   Code   RO         2089    i.dci_interrupt_enable  gd32f4xx_dci.o
    0x0800125c   0x0800125c   0x00000010   Code   RO         2090    i.dci_interrupt_flag_clear  gd32f4xx_dci.o
    0x0800126c   0x0800126c   0x00000018   Code   RO         2091    i.dci_interrupt_flag_get  gd32f4xx_dci.o
    0x08001284   0x08001284   0x0000000c   Code   RO          613    i.delay             lcd.o
    0x08001290   0x08001290   0x00000014   Code   RO            4    i.delay_1ms         systick.o
    0x080012a4   0x080012a4   0x00000018   Code   RO            5    i.delay_decrement   systick.o
    0x080012bc   0x080012bc   0x00000020   Code   RO         1559    i.dma_channel_disable  gd32f4xx_dma.o
    0x080012dc   0x080012dc   0x00000020   Code   RO         1560    i.dma_channel_enable  gd32f4xx_dma.o
    0x080012fc   0x080012fc   0x00000026   Code   RO         1561    i.dma_channel_subperipheral_select  gd32f4xx_dma.o
    0x08001322   0x08001322   0x000000a4   Code   RO         1564    i.dma_deinit        gd32f4xx_dma.o
    0x080013c6   0x080013c6   0x0000003e   Code   RO         1566    i.dma_flag_clear    gd32f4xx_dma.o
    0x08001404   0x08001404   0x00000040   Code   RO         1568    i.dma_flow_controller_config  gd32f4xx_dma.o
    0x08001444   0x08001444   0x0000003e   Code   RO         1569    i.dma_interrupt_disable  gd32f4xx_dma.o
    0x08001482   0x08001482   0x0000003e   Code   RO         1571    i.dma_interrupt_flag_clear  gd32f4xx_dma.o
    0x080014c0   0x080014c0   0x00000204   Code   RO         1572    i.dma_interrupt_flag_get  gd32f4xx_dma.o
    0x080016c4   0x080016c4   0x00000164   Code   RO         1577    i.dma_multi_data_mode_init  gd32f4xx_dma.o
    0x08001828   0x08001828   0x0000004c   Code   RO         1586    i.dma_switch_buffer_mode_config  gd32f4xx_dma.o
    0x08001874   0x08001874   0x00000042   Code   RO         1587    i.dma_switch_buffer_mode_enable  gd32f4xx_dma.o
    0x080018b6   0x080018b6   0x00000010   Code   RO         1589    i.dma_transfer_number_config  gd32f4xx_dma.o
    0x080018c6   0x080018c6   0x00000010   Code   RO         1590    i.dma_transfer_number_get  gd32f4xx_dma.o
    0x080018d6   0x080018d6   0x0000005e   Code   RO         1159    i.gpio_af_set       gd32f4xx_gpio.o
    0x08001934   0x08001934   0x00000004   Code   RO         1160    i.gpio_bit_reset    gd32f4xx_gpio.o
    0x08001938   0x08001938   0x00000004   Code   RO         1161    i.gpio_bit_set      gd32f4xx_gpio.o
    0x0800193c   0x0800193c   0x0000000a   Code   RO         1163    i.gpio_bit_write    gd32f4xx_gpio.o
    0x08001946   0x08001946   0x0000004e   Code   RO         1167    i.gpio_mode_set     gd32f4xx_gpio.o
    0x08001994   0x08001994   0x00000042   Code   RO         1169    i.gpio_output_options_set  gd32f4xx_gpio.o
    0x080019d6   0x080019d6   0x00000010   Code   RO         2215    i.i2c_ack_config    gd32f4xx_i2c.o
    0x080019e6   0x080019e6   0x00000002   PAD
    0x080019e8   0x080019e8   0x000000e4   Code   RO         2219    i.i2c_clock_config  gd32f4xx_i2c.o
    0x08001acc   0x08001acc   0x00000008   Code   RO         2220    i.i2c_data_receive  gd32f4xx_i2c.o
    0x08001ad4   0x08001ad4   0x00000006   Code   RO         2221    i.i2c_data_transmit  gd32f4xx_i2c.o
    0x08001ada   0x08001ada   0x00000002   PAD
    0x08001adc   0x08001adc   0x00000058   Code   RO         2222    i.i2c_deinit        gd32f4xx_i2c.o
    0x08001b34   0x08001b34   0x0000000a   Code   RO         2229    i.i2c_enable        gd32f4xx_i2c.o
    0x08001b3e   0x08001b3e   0x00000028   Code   RO         2230    i.i2c_flag_clear    gd32f4xx_i2c.o
    0x08001b66   0x08001b66   0x0000001e   Code   RO         2231    i.i2c_flag_get      gd32f4xx_i2c.o
    0x08001b84   0x08001b84   0x00000014   Code   RO         2236    i.i2c_master_addressing  gd32f4xx_i2c.o
    0x08001b98   0x08001b98   0x0000001c   Code   RO         2237    i.i2c_mode_addr_config  gd32f4xx_i2c.o
    0x08001bb4   0x08001bb4   0x0000000a   Code   RO         2250    i.i2c_start_on_bus  gd32f4xx_i2c.o
    0x08001bbe   0x08001bbe   0x0000000a   Code   RO         2251    i.i2c_stop_on_bus   gd32f4xx_i2c.o
    0x08001bc8   0x08001bc8   0x0000008c   Code   RO          614    i.lcd_gpio_init     lcd.o
    0x08001c54   0x08001c54   0x00000094   Code   RO          164    i.main              main.o
    0x08001ce8   0x08001ce8   0x00000016   Code   RO          761    i.mypow             gui.o
    0x08001cfe   0x08001cfe   0x00000002   PAD
    0x08001d00   0x08001d00   0x000000c4   Code   RO         2020    i.nvic_irq_enable   gd32f4xx_misc.o
    0x08001dc4   0x08001dc4   0x00000014   Code   RO         2021    i.nvic_priority_group_set  gd32f4xx_misc.o
    0x08001dd8   0x08001dd8   0x00000088   Code   RO         1057    i.ov2640_outsize_set  ov2640.o
    0x08001e60   0x08001e60   0x00000124   Code   RO         1272    i.rcu_clock_freq_get  gd32f4xx_rcu.o
    0x08001f84   0x08001f84   0x00000024   Code   RO         1291    i.rcu_periph_clock_enable  gd32f4xx_rcu.o
    0x08001fa8   0x08001fa8   0x00000024   Code   RO         1294    i.rcu_periph_reset_disable  gd32f4xx_rcu.o
    0x08001fcc   0x08001fcc   0x00000024   Code   RO         1295    i.rcu_periph_reset_enable  gd32f4xx_rcu.o
    0x08001ff0   0x08001ff0   0x0000000a   Code   RO         1793    i.spi_enable        gd32f4xx_spi.o
    0x08001ffa   0x08001ffa   0x00000004   Code   RO         1796    i.spi_i2s_data_transmit  gd32f4xx_spi.o
    0x08001ffe   0x08001ffe   0x00000010   Code   RO         1798    i.spi_i2s_flag_get  gd32f4xx_spi.o
    0x0800200e   0x0800200e   0x00000032   Code   RO         1802    i.spi_init          gd32f4xx_spi.o
    0x08002040   0x08002040   0x000000fc   Code   RO          419    i.system_clock_200m_25m_hxtal  system_gd32f4xx.o
    0x0800213c   0x0800213c   0x00000008   Code   RO          420    i.system_clock_config  system_gd32f4xx.o
    0x08002144   0x08002144   0x00000050   Code   RO            6    i.systick_config    systick.o
    0x08002194   0x08002194   0x0000000a   Code   RO         2494    i.timer_enable      gd32f4xx_timer.o
    0x0800219e   0x0800219e   0x00000002   PAD
    0x080021a0   0x080021a0   0x00000098   Code   RO         2504    i.timer_init        gd32f4xx_timer.o
    0x08002238   0x08002238   0x00000008   Code   RO         2511    i.timer_interrupt_enable  gd32f4xx_timer.o
    0x08002240   0x08002240   0x00000006   Code   RO         2512    i.timer_interrupt_flag_clear  gd32f4xx_timer.o
    0x08002246   0x08002246   0x00000018   Code   RO         2513    i.timer_interrupt_flag_get  gd32f4xx_timer.o
    0x0800225e   0x0800225e   0x00003946   Data   RO          762    .constdata          gui.o
    0x08005ba4   0x08005ba4   0x000002f2   Data   RO         1058    .constdata          ov2640.o
    0x08005e96   0x08005e96   0x00000002   PAD
    0x08005e98   0x08005e98   0x00000020   Data   RO         2962    Region$$Table       anon$$obj.o


    Execution Region RW_IRAM1 (Exec base: 0x20000000, Load base: 0x08005eb8, Size: 0x00041e20, Max: 0x00070000, ABSOLUTE)

    Exec Addr    Load Addr    Size         Type   Attr      Idx    E Section Name        Object

    0x20000000   0x08005eb8   0x00000004   Data   RW            7    .data               systick.o
    0x20000004   0x08005ebc   0x00000004   Data   RW          421    .data               system_gd32f4xx.o
    0x20000008   0x08005ec0   0x00000001   Data   RW          615    .data               lcd.o
    0x20000009   0x08005ec1   0x00000003   PAD
    0x2000000c   0x08005ec4   0x0000000c   Data   RW          909    .data               mydma.o
    0x20000018   0x08005ed0   0x00000004   Data   RW          982    .data               dci.o
    0x2000001c   0x08005ed4   0x00000004   Data   RW         1129    .data               timer.o
    0x20000020        -       0x00041a00   Zero   RW          165    .bss                main.o
    0x20041a20        -       0x00000400   Zero   RW          563    STACK               startup_gd32f450_470.o


==============================================================================

Image component sizes


      Code (inc. data)   RO Data    RW Data    ZI Data      Debug   Object Name

       588         36          0          4          0       1772   dci.o
       168         32          0          0          0       5021   gd32f4xx_dci.o
      1562          4          0          0          0      11759   gd32f4xx_dma.o
       256          0          0          0          0       4793   gd32f4xx_gpio.o
       494         16          0          0          0       8953   gd32f4xx_i2c.o
        32          0          0          0          0       4730   gd32f4xx_it.o
       216         20          0          0          0       1636   gd32f4xx_misc.o
       400         40          0          0          0       3932   gd32f4xx_rcu.o
        80          0          0          0          0       3487   gd32f4xx_spi.o
       200         30          0          0          0       4361   gd32f4xx_timer.o
       760         16      14662          0          0       7169   gui.o
       866         44          0          1          0       7916   lcd.o
       148         12          0          0     268800       5646   main.o
       412         46          0         12          0       3013   mydma.o
       584         24          0          0          0       2241   myiic.o
       512         34        754          0          0       5678   ov2640.o
       176         16          0          0          0       1253   spi4.o
        36          8        428          0       1024        948   startup_gd32f450_470.o
       460         28          0          4          0      82015   system_gd32f4xx.o
       164         24          0          4          0      64190   systick.o
       148         22          0          4          0       1543   timer.o

    ----------------------------------------------------------------------
      8282        452      15878         32     269824     232056   Object Totals
         0          0         32          0          0          0   (incl. Generated)
        20          0          2          3          0          0   (incl. Padding)

    ----------------------------------------------------------------------

      Code (inc. data)   RO Data    RW Data    ZI Data      Debug   Library Member Name

         0          0          0          0          0          0   entry.o
         0          0          0          0          0          0   entry10a.o
         0          0          0          0          0          0   entry11a.o
         8          4          0          0          0          0   entry2.o
         4          0          0          0          0          0   entry5.o
         0          0          0          0          0          0   entry7b.o
         0          0          0          0          0          0   entry8b.o
         8          4          0          0          0          0   entry9a.o
        30          0          0          0          0          0   handlers.o
        36          8          0          0          0         68   init.o

    ----------------------------------------------------------------------
        88         16          0          0          0         68   Library Totals
         2          0          0          0          0          0   (incl. Padding)

    ----------------------------------------------------------------------

      Code (inc. data)   RO Data    RW Data    ZI Data      Debug   Library Name

        86         16          0          0          0         68   mc_w.l

    ----------------------------------------------------------------------
        88         16          0          0          0         68   Library Totals

    ----------------------------------------------------------------------

==============================================================================


      Code (inc. data)   RO Data    RW Data    ZI Data      Debug   

      8370        468      15878         32     269824     222128   Grand Totals
      8370        468      15878         32     269824     222128   ELF Image Totals
      8370        468      15878         32          0          0   ROM Totals

==============================================================================

    Total RO  Size (Code + RO Data)                24248 (  23.68kB)
    Total RW  Size (RW Data + ZI Data)            269856 ( 263.53kB)
    Total ROM Size (Code + RO Data + RW Data)      24280 (  23.71kB)

==============================================================================

